Archive member included to satisfy reference by file (symbol)

/usr/bin/../lib/gcc/arm-none-eabi/7.3.1/thumb/v7-m/libgcc.a(_aeabi_ldivmod.o)
                              build/cc2538dk///obj/spi-legacy.o (__aeabi_ldivmod)
/usr/bin/../lib/gcc/arm-none-eabi/7.3.1/thumb/v7-m/libgcc.a(_aeabi_uldivmod.o)
                              build/cc2538dk///obj/spi-legacy.o (__aeabi_uldivmod)
/usr/bin/../lib/gcc/arm-none-eabi/7.3.1/thumb/v7-m/libgcc.a(_udivmoddi4.o)
                              /usr/bin/../lib/gcc/arm-none-eabi/7.3.1/thumb/v7-m/libgcc.a(_aeabi_ldivmod.o) (__udivmoddi4)
/usr/bin/../lib/gcc/arm-none-eabi/7.3.1/thumb/v7-m/libgcc.a(_dvmd_tls.o)
                              /usr/bin/../lib/gcc/arm-none-eabi/7.3.1/thumb/v7-m/libgcc.a(_aeabi_ldivmod.o) (__aeabi_ldiv0)
/usr/bin/../lib/gcc/arm-none-eabi/7.3.1/../../../../arm-none-eabi/lib/thumb/v7-m/libc.a(lib_a-locale.o)
                              build/cc2538dk///obj/resolv.o (__locale_ctype_ptr)
/usr/bin/../lib/gcc/arm-none-eabi/7.3.1/../../../../arm-none-eabi/lib/thumb/v7-m/libc.a(lib_a-mbtowc_r.o)
                              /usr/bin/../lib/gcc/arm-none-eabi/7.3.1/../../../../arm-none-eabi/lib/thumb/v7-m/libc.a(lib_a-locale.o) (__ascii_mbtowc)
/usr/bin/../lib/gcc/arm-none-eabi/7.3.1/../../../../arm-none-eabi/lib/thumb/v7-m/libc.a(lib_a-memcmp.o)
                              build/cc2538dk///obj/linkaddr.o (memcmp)
/usr/bin/../lib/gcc/arm-none-eabi/7.3.1/../../../../arm-none-eabi/lib/thumb/v7-m/libc.a(lib_a-memcpy.o)
                              build/cc2538dk///obj/ecc-algorithm.o (memcpy)
/usr/bin/../lib/gcc/arm-none-eabi/7.3.1/../../../../arm-none-eabi/lib/thumb/v7-m/libc.a(lib_a-memmove.o)
                              build/cc2538dk///obj/sicslowpan.o (memmove)
/usr/bin/../lib/gcc/arm-none-eabi/7.3.1/../../../../arm-none-eabi/lib/thumb/v7-m/libc.a(lib_a-memset.o)
                              build/cc2538dk///obj/udma.o (memset)
/usr/bin/../lib/gcc/arm-none-eabi/7.3.1/../../../../arm-none-eabi/lib/thumb/v7-m/libc.a(lib_a-reent.o)
                              build/cc2538dk///obj/syscalls.o (errno)
/usr/bin/../lib/gcc/arm-none-eabi/7.3.1/../../../../arm-none-eabi/lib/thumb/v7-m/libc.a(lib_a-strcasecmp.o)
                              build/cc2538dk///obj/resolv.o (strcasecmp)
/usr/bin/../lib/gcc/arm-none-eabi/7.3.1/../../../../arm-none-eabi/lib/thumb/v7-m/libc.a(lib_a-strcmp.o)
                              build/cc2538dk///obj/cfs-coffee.o (strcmp)
/usr/bin/../lib/gcc/arm-none-eabi/7.3.1/../../../../arm-none-eabi/lib/thumb/v7-m/libc.a(lib_a-strlen-stub.o)
                              build/cc2538dk///obj/sensors.o (strlen)
/usr/bin/../lib/gcc/arm-none-eabi/7.3.1/../../../../arm-none-eabi/lib/thumb/v7-m/libc.a(lib_a-strncasecmp.o)
                              build/cc2538dk///obj/resolv.o (strncasecmp)
/usr/bin/../lib/gcc/arm-none-eabi/7.3.1/../../../../arm-none-eabi/lib/thumb/v7-m/libc.a(lib_a-strncat.o)
                              build/cc2538dk///obj/resolv.o (strncat)
/usr/bin/../lib/gcc/arm-none-eabi/7.3.1/../../../../arm-none-eabi/lib/thumb/v7-m/libc.a(lib_a-strncmp.o)
                              build/cc2538dk///obj/sensors.o (strncmp)
/usr/bin/../lib/gcc/arm-none-eabi/7.3.1/../../../../arm-none-eabi/lib/thumb/v7-m/libc.a(lib_a-strncpy.o)
                              build/cc2538dk///obj/cfs-coffee.o (strncpy)
/usr/bin/../lib/gcc/arm-none-eabi/7.3.1/../../../../arm-none-eabi/lib/thumb/v7-m/libc.a(lib_a-wctomb_r.o)
                              /usr/bin/../lib/gcc/arm-none-eabi/7.3.1/../../../../arm-none-eabi/lib/thumb/v7-m/libc.a(lib_a-locale.o) (__ascii_wctomb)
/usr/bin/../lib/gcc/arm-none-eabi/7.3.1/../../../../arm-none-eabi/lib/thumb/v7-m/libc.a(lib_a-ctype_.o)
                              /usr/bin/../lib/gcc/arm-none-eabi/7.3.1/../../../../arm-none-eabi/lib/thumb/v7-m/libc.a(lib_a-locale.o) (_ctype_)
/usr/bin/../lib/gcc/arm-none-eabi/7.3.1/../../../../arm-none-eabi/lib/thumb/v7-m/libc.a(lib_a-freer.o)
                              /usr/bin/../lib/gcc/arm-none-eabi/7.3.1/../../../../arm-none-eabi/lib/thumb/v7-m/libc.a(lib_a-reent.o) (_free_r)
/usr/bin/../lib/gcc/arm-none-eabi/7.3.1/../../../../arm-none-eabi/lib/thumb/v7-m/libc.a(lib_a-impure.o)
                              /usr/bin/../lib/gcc/arm-none-eabi/7.3.1/../../../../arm-none-eabi/lib/thumb/v7-m/libc.a(lib_a-locale.o) (_impure_ptr)
/usr/bin/../lib/gcc/arm-none-eabi/7.3.1/../../../../arm-none-eabi/lib/thumb/v7-m/libc.a(lib_a-mallocr.o)
                              /usr/bin/../lib/gcc/arm-none-eabi/7.3.1/../../../../arm-none-eabi/lib/thumb/v7-m/libc.a(lib_a-freer.o) (__malloc_current_mallinfo)
/usr/bin/../lib/gcc/arm-none-eabi/7.3.1/../../../../arm-none-eabi/lib/thumb/v7-m/libc.a(lib_a-mlock.o)
                              /usr/bin/../lib/gcc/arm-none-eabi/7.3.1/../../../../arm-none-eabi/lib/thumb/v7-m/libc.a(lib_a-freer.o) (__malloc_lock)
/usr/bin/../lib/gcc/arm-none-eabi/7.3.1/../../../../arm-none-eabi/lib/thumb/v7-m/libc.a(lib_a-sbrkr.o)
[...]
Memory Configuration

Name             Origin             Length             Attributes
FLASH_FW         0x00202000         0x0007dfd4         xr
FLASH_CCA        0x0027ffd4         0x0000002c         xr
NRSRAM           0x20000000         0x00000000         xrw
FRSRAM           0x20000000         0x00008000         xrw
*default*        0x00000000         0xffffffff

Linker script and memory map

LOAD build/cc2538dk///obj/startup-gcc.o
LOAD build/cc2538dk///obj/leds-arch.o
LOAD build/cc2538dk///obj/platform.o
LOAD build/cc2538dk///obj/sensors.o
LOAD build/cc2538dk///obj/smartrf-sensors.o
LOAD build/cc2538dk///obj/board-buttons.o
LOAD build/cc2538dk///obj/als-sensor.o
LOAD build/cc2538dk///obj/soc.o
LOAD build/cc2538dk///obj/clock.o
LOAD build/cc2538dk///obj/rtimer-arch.o
LOAD build/cc2538dk///obj/uart.o
LOAD build/cc2538dk///obj/watchdog.o
LOAD build/cc2538dk///obj/nvic.o
LOAD build/cc2538dk///obj/sys-ctrl.o
LOAD build/cc2538dk///obj/gpio.o
LOAD build/cc2538dk///obj/ioc.o
LOAD build/cc2538dk///obj/spi-legacy.o
LOAD build/cc2538dk///obj/adc.o
LOAD build/cc2538dk///obj/spi-arch.o
LOAD build/cc2538dk///obj/crypto.o
LOAD build/cc2538dk///obj/aes.o
LOAD build/cc2538dk///obj/ecb.o
LOAD build/cc2538dk///obj/cbc.o
LOAD build/cc2538dk///obj/ctr.o
LOAD build/cc2538dk///obj/cbc-mac.o
LOAD build/cc2538dk///obj/gcm.o
LOAD build/cc2538dk///obj/ccm.o
LOAD build/cc2538dk///obj/sha256.o
LOAD build/cc2538dk///obj/gpio-hal-arch.o
LOAD build/cc2538dk///obj/cc2538-aes-128.o
LOAD build/cc2538dk///obj/cc2538-ccm-star.o
LOAD build/cc2538dk///obj/cc2538-rf.o
LOAD build/cc2538dk///obj/udma.o
LOAD build/cc2538dk///obj/lpm.o
LOAD build/cc2538dk///obj/int-master.o
LOAD build/cc2538dk///obj/pka.o
LOAD build/cc2538dk///obj/bignum-driver.o
LOAD build/cc2538dk///obj/ecc-driver.o
LOAD build/cc2538dk///obj/ecc-algorithm.o
LOAD build/cc2538dk///obj/ecc-curve.o
LOAD build/cc2538dk///obj/dbg.o
LOAD build/cc2538dk///obj/ieee-addr.o
LOAD build/cc2538dk///obj/slip-arch.o
LOAD build/cc2538dk///obj/slip.o
LOAD build/cc2538dk///obj/i2c.o
LOAD build/cc2538dk///obj/cc2538-temp-sensor.o
LOAD build/cc2538dk///obj/vdd3-sensor.o
LOAD build/cc2538dk///obj/cfs-coffee.o
LOAD build/cc2538dk///obj/cfs-coffee-arch.o
LOAD build/cc2538dk///obj/pwm.o
LOAD build/cc2538dk///obj/usb-core.o
LOAD build/cc2538dk///obj/cdc-acm.o
LOAD build/cc2538dk///obj/usb-arch.o
LOAD build/cc2538dk///obj/usb-serial.o
LOAD build/cc2538dk///obj/cdc-acm-descriptors.o
LOAD build/cc2538dk///obj/als-extend.o
LOAD build/cc2538dk///obj/mqtt-client-extensions.o
LOAD build/cc2538dk///obj/builtin-sensors.o
LOAD build/cc2538dk///obj/mqtt.o
LOAD build/cc2538dk///obj/contiki-main.o
LOAD build/cc2538dk///obj/autostart.o
LOAD build/cc2538dk///obj/compower.o
LOAD build/cc2538dk///obj/ctimer.o
LOAD build/cc2538dk///obj/energest.o
LOAD build/cc2538dk///obj/etimer.o
LOAD build/cc2538dk///obj/log.o
LOAD build/cc2538dk///obj/mutex.o
LOAD build/cc2538dk///obj/node-id.o
LOAD build/cc2538dk///obj/process.o
LOAD build/cc2538dk///obj/rtimer.o
LOAD build/cc2538dk///obj/stack-check.o
LOAD build/cc2538dk///obj/stimer.o
LOAD build/cc2538dk///obj/timer.o
LOAD build/cc2538dk///obj/button-hal.o
LOAD build/cc2538dk///obj/gpio-hal.o
LOAD build/cc2538dk///obj/leds.o
LOAD build/cc2538dk///obj/nullradio.o
LOAD build/cc2538dk///obj/serial-line.o
LOAD build/cc2538dk///obj/spi.o
LOAD build/cc2538dk///obj/aes-128.o
LOAD build/cc2538dk///obj/assert.o
LOAD build/cc2538dk///obj/ccm-star.o
LOAD build/cc2538dk///obj/circular-list.o
LOAD build/cc2538dk///obj/crc16.o
LOAD build/cc2538dk///obj/dbl-circ-list.o
LOAD build/cc2538dk///obj/dbl-list.o
LOAD build/cc2538dk///obj/heapmem.o
LOAD build/cc2538dk///obj/ifft.o
LOAD build/cc2538dk///obj/list.o
LOAD build/cc2538dk///obj/memb.o
LOAD build/cc2538dk///obj/random.o
LOAD build/cc2538dk///obj/ringbuf.o
LOAD build/cc2538dk///obj/ringbufindex.o
LOAD build/cc2538dk///obj/trickle-timer.o
LOAD build/cc2538dk///obj/linkaddr.o
LOAD build/cc2538dk///obj/link-stats.o
LOAD build/cc2538dk///obj/nbr-table.o
LOAD build/cc2538dk///obj/net-debug.o
LOAD build/cc2538dk///obj/netstack.o
LOAD build/cc2538dk///obj/packetbuf.o
LOAD build/cc2538dk///obj/queuebuf.o
LOAD build/cc2538dk///obj/mac.o
LOAD build/cc2538dk///obj/mac-sequence.o
LOAD build/cc2538dk///obj/frame802154.o
LOAD build/cc2538dk///obj/frame802154e-ie.o
LOAD build/cc2538dk///obj/framer-802154.o
LOAD build/cc2538dk///obj/nullframer.o
LOAD build/cc2538dk///obj/syscalls.o
LOAD build/cc2538dk///obj/printf.o
LOAD build/cc2538dk///obj/putchar.o
LOAD build/cc2538dk///obj/puts.o
LOAD build/cc2538dk///obj/snprintf.o
LOAD build/cc2538dk///obj/sprintf.o
LOAD build/cc2538dk///obj/strformat.o
LOAD build/cc2538dk///obj/anti-replay.o
LOAD build/cc2538dk///obj/ccm-star-packetbuf.o
LOAD build/cc2538dk///obj/csma.o
LOAD build/cc2538dk///obj/csma-output.o
LOAD build/cc2538dk///obj/csma-security.o
LOAD build/cc2538dk///obj/ip64-addr.o
LOAD build/cc2538dk///obj/psock.o
LOAD build/cc2538dk///obj/resolv.o
LOAD build/cc2538dk///obj/sicslowpan.o
LOAD build/cc2538dk///obj/simple-udp.o
LOAD build/cc2538dk///obj/tcpip.o
LOAD build/cc2538dk///obj/tcp-socket.o
LOAD build/cc2538dk///obj/udp-socket.o
LOAD build/cc2538dk///obj/uip6.o
LOAD build/cc2538dk///obj/uipbuf.o
LOAD build/cc2538dk///obj/uip-ds6.o
LOAD build/cc2538dk///obj/uip-ds6-nbr.o
LOAD build/cc2538dk///obj/uip-ds6-route.o
LOAD build/cc2538dk///obj/uip-icmp6.o
LOAD build/cc2538dk///obj/uiplib.o
LOAD build/cc2538dk///obj/uip-nameserver.o
LOAD build/cc2538dk///obj/uip-nd6.o
LOAD build/cc2538dk///obj/uip-packetqueue.o
LOAD build/cc2538dk///obj/uip-sr.o
LOAD build/cc2538dk///obj/uip-udp-packet.o
LOAD build/cc2538dk///obj/rpl.o
LOAD build/cc2538dk///obj/rpl-dag.o
LOAD build/cc2538dk///obj/rpl-dag-root.o
LOAD build/cc2538dk///obj/rpl-ext-header.o
LOAD build/cc2538dk///obj/rpl-icmp6.o
LOAD build/cc2538dk///obj/rpl-mrhof.o
LOAD build/cc2538dk///obj/rpl-nbr-policy.o
LOAD build/cc2538dk///obj/rpl-neighbor.o
LOAD build/cc2538dk///obj/rpl-of0.o
LOAD build/cc2538dk///obj/rpl-timers.o
LOAD mqtt-client.o
START GROUP
LOAD /usr/bin/../lib/gcc/arm-none-eabi/7.3.1/../../../../arm-none-eabi/lib/thumb/v7-m/libm.a
END GROUP
START GROUP
LOAD /usr/bin/../lib/gcc/arm-none-eabi/7.3.1/thumb/v7-m/libgcc.a
LOAD /usr/bin/../lib/gcc/arm-none-eabi/7.3.1/../../../../arm-none-eabi/lib/thumb/v7-m/libc.a
END GROUP

.text           0x00202000     0xd5eb
                0x00202000                _text = .
 *(SORT_BY_ALIGNMENT(.vectors))
 .vectors       0x00202000      0x28c build/cc2538dk///obj/startup-gcc.o
                0x00202000                vectors
 *(SORT_BY_ALIGNMENT(.text*))
 .text.reset_handler
                0x0020228c       0x40 build/cc2538dk///obj/startup-gcc.o
                0x0020228c                reset_handler
 .text.platform_init_stage_two
                0x002022cc       0x4c build/cc2538dk///obj/platform.o
                0x002022cc                platform_init_stage_two
 .text.platform_init_stage_three
                0x00202318       0x8c build/cc2538dk///obj/platform.o
                0x00202318                platform_init_stage_three
 .text.process_thread_sensors_process
                0x002023a4       0xd4 build/cc2538dk///obj/sensors.o
 .text.value    0x00202478       0x24 build/cc2538dk///obj/als-sensor.o
 .text.configure
                0x0020249c       0x54 build/cc2538dk///obj/als-sensor.o
 .text.soc_get_rev
                0x002024f0       0x18 build/cc2538dk///obj/soc.o
                0x002024f0                soc_get_rev
 .text.soc_print_info
                0x00202508       0x10 build/cc2538dk///obj/soc.o
                0x00202508                soc_print_info
 .text.update_ticks
                0x00202518       0x58 build/cc2538dk///obj/clock.o
 .text.clock_init
                0x00202570       0x4c build/cc2538dk///obj/clock.o
                0x00202570                clock_init
 .text.clock_time
                0x002025bc       0x14 build/cc2538dk///obj/clock.o
                0x002025bc                clock_time
 .text.clock_seconds
                0x002025d0       0x14 build/cc2538dk///obj/clock.o
                0x002025d0                clock_seconds
 .text.clock_delay_usec
                0x002025e4       0x1c build/cc2538dk///obj/clock.o
                0x002025e4                clock_delay_usec
 .text.clock_adjust
                0x00202600       0x20 build/cc2538dk///obj/clock.o
                0x00202600                clock_adjust
 .text.rtimer_arch_next_trigger
                0x00202620        0xc build/cc2538dk///obj/rtimer-arch.o
                0x00202620                rtimer_arch_next_trigger
 .text.rtimer_arch_now
                0x0020262c       0x24 build/cc2538dk///obj/rtimer-arch.o
                0x0020262c                rtimer_arch_now
 .text.rtimer_arch_schedule
                0x00202650       0x58 build/cc2538dk///obj/rtimer-arch.o
                0x00202650                rtimer_arch_schedule
 .text.rtimer_isr
                0x002026a8       0x2c build/cc2538dk///obj/rtimer-arch.o
                0x002026a8                rtimer_isr
 .text.permit_pm1
                0x002026d4       0x24 build/cc2538dk///obj/uart.o
 .text.uart_isr
                0x002026f8       0x60 build/cc2538dk///obj/uart.o
 .text.uart_init
                0x00202758      0x198 build/cc2538dk///obj/uart.o
                0x00202758                uart_init
 .text.uart_set_input
                0x002028f0       0x10 build/cc2538dk///obj/uart.o
                0x002028f0                uart_set_input
 .text.uart_write_byte
                0x00202900       0x1c build/cc2538dk///obj/uart.o
                0x00202900                uart_write_byte
 .text.watchdog_init
                0x0020291c        0xc build/cc2538dk///obj/watchdog.o
                0x0020291c                watchdog_init
 .text.watchdog_start
                0x00202928        0xc build/cc2538dk///obj/watchdog.o
                0x00202928                watchdog_start
 .text.watchdog_periodic
                0x00202934       0x10 build/cc2538dk///obj/watchdog.o
                0x00202934                watchdog_periodic
 .text.nvic_init
                0x00202944       0x10 build/cc2538dk///obj/nvic.o
                0x00202944                nvic_init
 .text.sys_ctrl_init
                0x00202954       0x74 build/cc2538dk///obj/sys-ctrl.o
                0x00202954                sys_ctrl_init
 .text.gpio_port_isr
                0x002029c8       0x48 build/cc2538dk///obj/gpio.o
 .text.ioc_init
                0x00202a10       0x1c build/cc2538dk///obj/ioc.o
                0x00202a10                ioc_init
 .text.ioc_set_over
                0x00202a2c       0x14 build/cc2538dk///obj/ioc.o
                0x00202a2c                ioc_set_over
 .text.ioc_set_sel
                0x00202a40       0x14 build/cc2538dk///obj/ioc.o
                0x00202a40                ioc_set_sel
 .text.adc_init
                0x00202a54       0x10 build/cc2538dk///obj/adc.o
                0x00202a54                adc_init
 .text.adc_get  0x00202a64       0x74 build/cc2538dk///obj/adc.o
                0x00202a64                adc_get
 .text.permit_pm1
                0x00202ad8       0x10 build/cc2538dk///obj/crypto.o
 .text.crypto_isr
                0x00202ae8       0x28 build/cc2538dk///obj/crypto.o
                0x00202ae8                crypto_isr
 .text.crypto_enable
                0x00202b10       0x20 build/cc2538dk///obj/crypto.o
                0x00202b10                crypto_enable
 .text.crypto_init
                0x00202b30       0x3c build/cc2538dk///obj/crypto.o
                0x00202b30                crypto_init
 .text.crypto_disable
                0x00202b6c       0x20 build/cc2538dk///obj/crypto.o
                0x00202b6c                crypto_disable
 .text.gpio_hal_arch_pin_cfg_set
                0x00202b8c       0xd8 build/cc2538dk///obj/gpio-hal-arch.o
                0x00202b8c                gpio_hal_arch_pin_cfg_set
 .text.off      0x00202c64       0x40 build/cc2538dk///obj/cc2538-rf.o
 .text.receiving_packet
                0x00202ca4       0x18 build/cc2538dk///obj/cc2538-rf.o
 .text.pending_packet
                0x00202cbc       0x10 build/cc2538dk///obj/cc2538-rf.o
 .text.set_poll_mode
                0x00202ccc       0x98 build/cc2538dk///obj/cc2538-rf.o
 .text.on       0x00202d64       0x28 build/cc2538dk///obj/cc2538-rf.o
 .text.set_channel
                0x00202d8c       0x38 build/cc2538dk///obj/cc2538-rf.o
 .text.get_value
                0x00202dc4      0x174 build/cc2538dk///obj/cc2538-rf.o
 .text.channel_clear
                0x00202f38       0x3c build/cc2538dk///obj/cc2538-rf.o
 .text.prepare  0x00202f74       0x60 build/cc2538dk///obj/cc2538-rf.o
 .text.transmit
                0x00202fd4       0x9c build/cc2538dk///obj/cc2538-rf.o
 .text.set_object
                0x00203070       0x30 build/cc2538dk///obj/cc2538-rf.o
 .text.read     0x002030a0       0xe0 build/cc2538dk///obj/cc2538-rf.o
 .text.init     0x00203180       0xe8 build/cc2538dk///obj/cc2538-rf.o
 .text.process_thread_cc2538_rf_process
                0x00203268       0x90 build/cc2538dk///obj/cc2538-rf.o
 .text.get_object
                0x002032f8      0x148 build/cc2538dk///obj/cc2538-rf.o
 .text.set_value
                0x00203440      0x18c build/cc2538dk///obj/cc2538-rf.o
 .text.cc2538_rf_rx_tx_isr
                0x002035cc       0x24 build/cc2538dk///obj/cc2538-rf.o
                0x002035cc                cc2538_rf_rx_tx_isr
 .text.cc2538_rf_err_isr
                0x002035f0       0x28 build/cc2538dk///obj/cc2538-rf.o
                0x002035f0                cc2538_rf_err_isr
 .text.udma_init
                0x00203618       0x34 build/cc2538dk///obj/udma.o
                0x00203618                udma_init
 .text.udma_set_channel_src
                0x0020364c       0x10 build/cc2538dk///obj/udma.o
                0x0020364c                udma_set_channel_src
 .text.udma_set_channel_dst
                0x0020365c       0x14 build/cc2538dk///obj/udma.o
                0x0020365c                udma_set_channel_dst
 .text.udma_set_channel_control_word
                0x00203670       0x14 build/cc2538dk///obj/udma.o
                0x00203670                udma_set_channel_control_word
 .text.udma_channel_enable
                0x00203684       0x18 build/cc2538dk///obj/udma.o
                0x00203684                udma_channel_enable
 .text.udma_channel_mask_set
                0x0020369c       0x18 build/cc2538dk///obj/udma.o
                0x0020369c                udma_channel_mask_set
 .text.udma_channel_sw_request
                0x002036b4       0x18 build/cc2538dk///obj/udma.o
                0x002036b4                udma_channel_sw_request
 .text.udma_channel_get_mode
                0x002036cc       0x1c build/cc2538dk///obj/udma.o
                0x002036cc                udma_channel_get_mode
 .text.udma_isr
                0x002036e8       0x10 build/cc2538dk///obj/udma.o
                0x002036e8                udma_isr
 .text.udma_err_isr
                0x002036f8        0xc build/cc2538dk///obj/udma.o
                0x002036f8                udma_err_isr
 .text.select_32_mhz_xosc
                0x00203704       0x2c build/cc2538dk///obj/lpm.o
 .text.lpm_exit
                0x00203730       0x34 build/cc2538dk///obj/lpm.o
                0x00203730                lpm_exit
 .text.lpm_enter
                0x00203764       0xb4 build/cc2538dk///obj/lpm.o
                0x00203764                lpm_enter
 .text.lpm_register_peripheral
                0x00203818       0x20 build/cc2538dk///obj/lpm.o
                0x00203818                lpm_register_peripheral
 .text.lpm_init
                0x00203838       0x24 build/cc2538dk///obj/lpm.o
                0x00203838                lpm_init
 .text.pka_isr  0x0020385c       0x28 build/cc2538dk///obj/pka.o
                0x0020385c                pka_isr
 .text.ieee_addr_cpy_to
                0x00203884       0x5c build/cc2538dk///obj/ieee-addr.o
                0x00203884                ieee_addr_cpy_to
 .text.als_init
                0x002038e0       0x10 build/cc2538dk///obj/als-extend.o
 .text.als_reading
                0x002038f0       0x34 build/cc2538dk///obj/als-extend.o
 .text.temp_init
                0x00203924       0x10 build/cc2538dk///obj/builtin-sensors.o
 .text.vdd3_init
                0x00203934       0x10 build/cc2538dk///obj/builtin-sensors.o
 .text.temp_reading
                0x00203944       0x34 build/cc2538dk///obj/builtin-sensors.o
 .text.vdd3_reading
                0x00203978       0x34 build/cc2538dk///obj/builtin-sensors.o
 .text.call_event
                0x002039ac       0x1c build/cc2538dk///obj/mqtt.o
 .text.tcp_input
                0x002039c8      0x324 build/cc2538dk///obj/mqtt.o
 .text.keep_alive_callback
                0x00203cec       0x44 build/cc2538dk///obj/mqtt.o
 .text.connect_tcp
                0x00203d30       0x68 build/cc2538dk///obj/mqtt.o
 .text.tcp_event
                0x00203d98       0x94 build/cc2538dk///obj/mqtt.o
 .text.mqtt_init
                0x00203e2c       0xb4 build/cc2538dk///obj/mqtt.o
                0x00203e2c                mqtt_init
 .text.mqtt_register
                0x00203ee0       0x6c build/cc2538dk///obj/mqtt.o
                0x00203ee0                mqtt_register
 .text.mqtt_connect
                0x00203f4c       0x64 build/cc2538dk///obj/mqtt.o
                0x00203f4c                mqtt_connect
 .text.mqtt_disconnect
                0x00203fb0       0x24 build/cc2538dk///obj/mqtt.o
                0x00203fb0                mqtt_disconnect
 .text.process_thread_mqtt_process
                0x00203fd4     0x11e8 build/cc2538dk///obj/mqtt.o
 .text.mqtt_subscribe
                0x002051bc       0x60 build/cc2538dk///obj/mqtt.o
                0x002051bc                mqtt_subscribe
 .text.mqtt_publish
                0x0020521c       0x78 build/cc2538dk///obj/mqtt.o
                0x0020521c                mqtt_publish
 .text.startup.main
                0x00205294      0x1ec build/cc2538dk///obj/contiki-main.o
                0x00205294                main
 .text.process_thread_ctimer_process
                0x00205480       0x7c build/cc2538dk///obj/ctimer.o
 .text.ctimer_init
                0x002054fc       0x28 build/cc2538dk///obj/ctimer.o
                0x002054fc                ctimer_init
 .text.ctimer_set_with_process
                0x00205524       0x44 build/cc2538dk///obj/ctimer.o
                0x00205524                ctimer_set_with_process
 .text.ctimer_set
                0x00205568       0x14 build/cc2538dk///obj/ctimer.o
                0x00205568                ctimer_set
 .text.ctimer_reset
                0x0020557c       0x38 build/cc2538dk///obj/ctimer.o
                0x0020557c                ctimer_reset
 .text.ctimer_restart
                0x002055b4       0x38 build/cc2538dk///obj/ctimer.o
                0x002055b4                ctimer_restart
 .text.ctimer_stop
                0x002055ec       0x2c build/cc2538dk///obj/ctimer.o
                0x002055ec                ctimer_stop
 .text.ctimer_expired
                0x00205618       0x34 build/cc2538dk///obj/ctimer.o
                0x00205618                ctimer_expired
 .text.update_time
                0x0020564c       0x44 build/cc2538dk///obj/etimer.o
 .text.etimer_request_poll
                0x00205690        0xc build/cc2538dk///obj/etimer.o
                0x00205690                etimer_request_poll
 .text.process_thread_etimer_process
                0x0020569c       0xac build/cc2538dk///obj/etimer.o
 .text.add_timer
                0x00205748       0x40 build/cc2538dk///obj/etimer.o
 .text.etimer_pending
                0x00205788       0x10 build/cc2538dk///obj/etimer.o
                0x00205788                etimer_pending
 .text.etimer_stop
                0x00205798       0x34 build/cc2538dk///obj/etimer.o
                0x00205798                etimer_stop
 .text.log_6addr
                0x002057cc       0x20 build/cc2538dk///obj/log.o
                0x002057cc                log_6addr
 .text.log_lladdr
                0x002057ec       0x40 build/cc2538dk///obj/log.o
                0x002057ec                log_lladdr
 .text.node_id_init
                0x0020582c       0x18 build/cc2538dk///obj/node-id.o
                0x0020582c                node_id_init
 .text.call_process.part.0
                0x00205844       0x38 build/cc2538dk///obj/process.o
 .text.exit_process
                0x0020587c       0x80 build/cc2538dk///obj/process.o
 .text.do_poll  0x002058fc       0x30 build/cc2538dk///obj/process.o
 .text.process_alloc_event
                0x0020592c       0x10 build/cc2538dk///obj/process.o
                0x0020592c                process_alloc_event
 .text.process_init
                0x0020593c       0x30 build/cc2538dk///obj/process.o
                0x0020593c                process_init
 .text.process_run
                0x0020596c       0x88 build/cc2538dk///obj/process.o
                0x0020596c                process_run
 .text.process_nevents
                0x002059f4       0x14 build/cc2538dk///obj/process.o
                0x002059f4                process_nevents
 .text.process_post
                0x00205a08       0x3c build/cc2538dk///obj/process.o
                0x00205a08                process_post
 .text.process_post_synch
                0x00205a44       0x14 build/cc2538dk///obj/process.o
                0x00205a44                process_post_synch
 .text.process_start
                0x00205a58       0x30 build/cc2538dk///obj/process.o
                0x00205a58                process_start
 .text.process_poll
                0x00205a88       0x18 build/cc2538dk///obj/process.o
                0x00205a88                process_poll
 .text.rtimer_run_next
                0x00205aa0       0x28 build/cc2538dk///obj/rtimer.o
                0x00205aa0                rtimer_run_next
 .text.stack_check_init
                0x00205ac8       0x28 build/cc2538dk///obj/stack-check.o
                0x00205ac8                stack_check_init
 .text.stack_check_get_usage
                0x00205af0       0x40 build/cc2538dk///obj/stack-check.o
                0x00205af0                stack_check_get_usage
 .text.process_thread_stack_check_process
                0x00205b30       0x84 build/cc2538dk///obj/stack-check.o
 .text.stimer_expired
                0x00205bb4       0x20 build/cc2538dk///obj/stimer.o
                0x00205bb4                stimer_expired
 .text.duration_exceeded_callback
                0x00205bd4       0x34 build/cc2538dk///obj/button-hal.o
 .text.process_thread_button_hal_process
                0x00205c08       0x70 build/cc2538dk///obj/button-hal.o
 .text.press_release_handler
                0x00205c78       0x18 build/cc2538dk///obj/button-hal.o
 .text.debounce_handler
                0x00205c90       0x64 build/cc2538dk///obj/button-hal.o
 .text.button_hal_init
                0x00205cf4       0xf8 build/cc2538dk///obj/button-hal.o
                0x00205cf4                button_hal_init
 .text.gpio_hal_register_handler
                0x00205dec        0xc build/cc2538dk///obj/gpio-hal.o
                0x00205dec                gpio_hal_register_handler
 .text.gpio_hal_event_handler
                0x00205df8       0x24 build/cc2538dk///obj/gpio-hal.o
                0x00205df8                gpio_hal_event_handler
 .text.gpio_hal_init
                0x00205e1c        0xc build/cc2538dk///obj/gpio-hal.o
                0x00205e1c                gpio_hal_init
 .text.leds_on  0x00205e28       0x4c build/cc2538dk///obj/leds.o
                0x00205e28                leds_on
 .text.leds_off
                0x00205e74       0x48 build/cc2538dk///obj/leds.o
                0x00205e74                leds_off
 .text.leds_init
                0x00205ebc       0x48 build/cc2538dk///obj/leds.o
                0x00205ebc                leds_init
 .text.process_thread_serial_line_process
                0x00205f04       0x98 build/cc2538dk///obj/serial-line.o
 .text.serial_line_input_byte
                0x00205f9c       0x48 build/cc2538dk///obj/serial-line.o
                0x00205f9c                serial_line_input_byte
 .text.serial_line_init
                0x00205fe4       0x24 build/cc2538dk///obj/serial-line.o
                0x00205fe4                serial_line_init
 .text.random_rand
                0x00206008       0x24 build/cc2538dk///obj/random.o
                0x00206008                random_rand
 .text.random_init
                0x0020602c       0x78 build/cc2538dk///obj/random.o
                0x0020602c                random_init
 .text.periodic
                0x002060a4       0x2c build/cc2538dk///obj/link-stats.o
 .text.link_stats_from_lladdr
                0x002060d0        0xc build/cc2538dk///obj/link-stats.o
                0x002060d0                link_stats_from_lladdr
 .text.link_stats_packet_sent
                0x002060dc       0x74 build/cc2538dk///obj/link-stats.o
                0x002060dc                link_stats_packet_sent
 .text.link_stats_input_callback
                0x00206150       0x4c build/cc2538dk///obj/link-stats.o
                0x00206150                link_stats_input_callback
 .text.link_stats_reset
                0x0020619c       0x28 build/cc2538dk///obj/link-stats.o
                0x0020619c                link_stats_reset
 .text.link_stats_init
                0x002061c4       0x28 build/cc2538dk///obj/link-stats.o
                0x002061c4                link_stats_init
 .text.index_from_key
                0x002061ec       0x20 build/cc2538dk///obj/nbr-table.o
 .text.index_from_lladdr
                0x0020620c       0x40 build/cc2538dk///obj/nbr-table.o
 .text.nbr_get_bit.constprop.0
                0x0020624c       0x24 build/cc2538dk///obj/nbr-table.o
 .text.nbr_table_is_registered
                0x00206270       0x20 build/cc2538dk///obj/nbr-table.o
                0x00206270                nbr_table_is_registered
 .text.nbr_table_register
                0x00206290       0x30 build/cc2538dk///obj/nbr-table.o
                0x00206290                nbr_table_register
 .text.nbr_table_next
                0x002062c0       0x48 build/cc2538dk///obj/nbr-table.o
                0x002062c0                nbr_table_next
 .text.nbr_table_head
                0x00206308       0x38 build/cc2538dk///obj/nbr-table.o
                0x00206308                nbr_table_head
 .text.nbr_table_add_lladdr
                0x00206340      0x14c build/cc2538dk///obj/nbr-table.o
                0x00206340                nbr_table_add_lladdr
 .text.nbr_table_remove
                0x0020648c       0x2c build/cc2538dk///obj/nbr-table.o
                0x0020648c                nbr_table_remove
 .text.nbr_table_lock
                0x002064b8       0x10 build/cc2538dk///obj/nbr-table.o
                0x002064b8                nbr_table_lock
 .text.nbr_table_unlock
                0x002064c8       0x10 build/cc2538dk///obj/nbr-table.o
                0x002064c8                nbr_table_unlock
 .text.nbr_table_get_lladdr
                0x002064d8       0x24 build/cc2538dk///obj/nbr-table.o
                0x002064d8                nbr_table_get_lladdr
 .text.netstack_process_ip_callback
                0x002064fc       0x40 build/cc2538dk///obj/netstack.o
                0x002064fc                netstack_process_ip_callback
 .text.netstack_init
                0x0020653c       0x24 build/cc2538dk///obj/netstack.o
                0x0020653c                netstack_init
 .text.packetbuf_hdrreduce
                0x00206560       0x28 build/cc2538dk///obj/packetbuf.o
                0x00206560                packetbuf_hdrreduce
 .text.packetbuf_set_datalen
                0x00206588        0xc build/cc2538dk///obj/packetbuf.o
                0x00206588                packetbuf_set_datalen
 .text.packetbuf_hdrptr
                0x00206594        0x8 build/cc2538dk///obj/packetbuf.o
                0x00206594                packetbuf_hdrptr
 .text.packetbuf_datalen
                0x0020659c        0xc build/cc2538dk///obj/packetbuf.o
                0x0020659c                packetbuf_datalen
 .text.packetbuf_hdrlen
                0x002065a8       0x18 build/cc2538dk///obj/packetbuf.o
                0x002065a8                packetbuf_hdrlen
 .text.packetbuf_dataptr
                0x002065c0       0x10 build/cc2538dk///obj/packetbuf.o
                0x002065c0                packetbuf_dataptr
 .text.packetbuf_copyto
                0x002065d0       0x44 build/cc2538dk///obj/packetbuf.o
                0x002065d0                packetbuf_copyto
 .text.packetbuf_totlen
                0x00206614       0x14 build/cc2538dk///obj/packetbuf.o
                0x00206614                packetbuf_totlen
 .text.packetbuf_hdralloc
                0x00206628       0x3c build/cc2538dk///obj/packetbuf.o
                0x00206628                packetbuf_hdralloc
 .text.packetbuf_attr_clear
                0x00206664       0x34 build/cc2538dk///obj/packetbuf.o
                0x00206664                packetbuf_attr_clear
 .text.packetbuf_clear
                0x00206698       0x20 build/cc2538dk///obj/packetbuf.o
                0x00206698                packetbuf_clear
 .text.packetbuf_copyfrom
                0x002066b8       0x2c build/cc2538dk///obj/packetbuf.o
                0x002066b8                packetbuf_copyfrom
 .text.packetbuf_attr_copyto
                0x002066e4       0x24 build/cc2538dk///obj/packetbuf.o
                0x002066e4                packetbuf_attr_copyto
 .text.packetbuf_attr_copyfrom
                0x00206708       0x24 build/cc2538dk///obj/packetbuf.o
                0x00206708                packetbuf_attr_copyfrom
 .text.packetbuf_set_attr
                0x0020672c       0x10 build/cc2538dk///obj/packetbuf.o
                0x0020672c                packetbuf_set_attr
 .text.packetbuf_attr
                0x0020673c        0xc build/cc2538dk///obj/packetbuf.o
                0x0020673c                packetbuf_attr
 .text.packetbuf_set_addr
                0x00206748       0x18 build/cc2538dk///obj/packetbuf.o
                0x00206748                packetbuf_set_addr
 .text.packetbuf_addr
                0x00206760       0x10 build/cc2538dk///obj/packetbuf.o
                0x00206760                packetbuf_addr
 .text.packetbuf_holds_broadcast
                0x00206770       0x10 build/cc2538dk///obj/packetbuf.o
                0x00206770                packetbuf_holds_broadcast
 .text.queuebuf_init
                0x00206780       0x1c build/cc2538dk///obj/queuebuf.o
                0x00206780                queuebuf_init
 .text.queuebuf_numfree
                0x0020679c        0xc build/cc2538dk///obj/queuebuf.o
                0x0020679c                queuebuf_numfree
 .text.queuebuf_new_from_packetbuf
                0x002067a8       0x44 build/cc2538dk///obj/queuebuf.o
                0x002067a8                queuebuf_new_from_packetbuf
 .text.queuebuf_free
                0x002067ec       0x2c build/cc2538dk///obj/queuebuf.o
                0x002067ec                queuebuf_free
 .text.queuebuf_to_packetbuf
                0x00206818       0x30 build/cc2538dk///obj/queuebuf.o
                0x00206818                queuebuf_to_packetbuf
 .text.mac_sequence_is_duplicate
                0x00206848       0x48 build/cc2538dk///obj/mac-sequence.o
                0x00206848                mac_sequence_is_duplicate
 .text.mac_sequence_register_seqno
                0x00206890       0x58 build/cc2538dk///obj/mac-sequence.o
                0x00206890                mac_sequence_register_seqno
 .text.frame802154_get_pan_id
                0x002068e8        0xc build/cc2538dk///obj/frame802154.o
                0x002068e8                frame802154_get_pan_id
 .text.frame802154_parse
                0x002068f4      0x12c build/cc2538dk///obj/frame802154.o
                0x002068f4                frame802154_parse
 .text.create_frame
                0x00206a20       0xd0 build/cc2538dk///obj/framer-802154.o
 .text.printf   0x00206af0       0x20 build/cc2538dk///obj/printf.o
                0x00206af0                printf
 .text.vsnprintf
                0x00206b10       0x28 build/cc2538dk///obj/snprintf.o
                0x00206b10                vsnprintf
 .text.fill_space
                0x00206b38       0x34 build/cc2538dk///obj/strformat.o
 .text.format_str_v
                0x00206b6c      0x6dc build/cc2538dk///obj/strformat.o
                0x00206b6c                format_str_v
 .text.on       0x00207248        0xc build/cc2538dk///obj/csma.o
 .text.off      0x00207254        0xc build/cc2538dk///obj/csma.o
 .text.max_payload
                0x00207260       0x1c build/cc2538dk///obj/csma.o
 .text.input_packet
                0x0020727c       0x5c build/cc2538dk///obj/csma.o
 .text.schedule_transmission
                0x002072d8       0x38 build/cc2538dk///obj/csma-output.o
 .text.tx_done  0x00207310       0x7c build/cc2538dk///obj/csma-output.o
 .text.transmit_from_queue
                0x0020738c      0x1a0 build/cc2538dk///obj/csma-output.o
 .text.csma_output_packet
                0x0020752c      0x13c build/cc2538dk///obj/csma-output.o
                0x0020752c                csma_output_packet
 .text.csma_output_init
                0x00207668       0x24 build/cc2538dk///obj/csma-output.o
                0x00207668                csma_output_init
 .text.csma_security_create_frame
                0x0020768c       0x18 build/cc2538dk///obj/csma-security.o
                0x0020768c                csma_security_create_frame
 .text.csma_security_parse_frame
                0x002076a4        0xc build/cc2538dk///obj/csma-security.o
                0x002076a4                csma_security_parse_frame
 .text.clear_fragments
                0x002076b0       0x3c build/cc2538dk///obj/sicslowpan.o
 .text.sicslowpan_init
                0x002076ec       0x18 build/cc2538dk///obj/sicslowpan.o
                0x002076ec                sicslowpan_init
 .text.set_packet_attrs
                0x00207704       0x58 build/cc2538dk///obj/sicslowpan.o
 .text.compress_addr_64
                0x0020775c       0x90 build/cc2538dk///obj/sicslowpan.o
 .text.addr_context_lookup_by_prefix
                0x002077ec       0x24 build/cc2538dk///obj/sicslowpan.o
 .text.send_packet
                0x00207810       0x24 build/cc2538dk///obj/sicslowpan.o
 .text.fragment_copy_payload_and_send
                0x00207834       0x6c build/cc2538dk///obj/sicslowpan.o
 .text.output   0x002078a0      0x738 build/cc2538dk///obj/sicslowpan.o
 .text.packet_sent
                0x00207fd8       0x5c build/cc2538dk///obj/sicslowpan.o
 .text.store_fragment
                0x00208034       0x64 build/cc2538dk///obj/sicslowpan.o
 .text.uncompress_addr
                0x00208098       0x94 build/cc2538dk///obj/sicslowpan.o
 .text.add_fragment
                0x0020812c      0x148 build/cc2538dk///obj/sicslowpan.o
 .text.input    0x00208274      0x6e8 build/cc2538dk///obj/sicslowpan.o
 .text.sicslowpan_get_last_rssi
                0x0020895c        0xc build/cc2538dk///obj/sicslowpan.o
                0x0020895c                sicslowpan_get_last_rssi
 .text.start_periodic_tcp_timer
                0x00208968       0x1c build/cc2538dk///obj/tcpip.o
 .text.tcpip_output
                0x00208984       0x2c build/cc2538dk///obj/tcpip.o
                0x00208984                tcpip_output
 .text.tcp_unlisten
                0x002089b0       0x34 build/cc2538dk///obj/tcpip.o
                0x002089b0                tcp_unlisten
 .text.tcp_attach
                0x002089e4       0x10 build/cc2538dk///obj/tcpip.o
                0x002089e4                tcp_attach
 .text.tcpip_input
                0x002089f4       0x24 build/cc2538dk///obj/tcpip.o
                0x002089f4                tcpip_input
 .text.tcpip_ipv6_output
                0x00208a18       0xec build/cc2538dk///obj/tcpip.o
                0x00208a18                tcpip_ipv6_output
 .text.packet_input.part.3
                0x00208b04       0x40 build/cc2538dk///obj/tcpip.o
 .text.process_thread_tcpip_process
                0x00208b44      0x190 build/cc2538dk///obj/tcpip.o
 .text.tcpip_poll_tcp
                0x00208cd4       0x10 build/cc2538dk///obj/tcpip.o
                0x00208cd4                tcpip_poll_tcp
 .text.tcp_connect
                0x00208ce4       0x20 build/cc2538dk///obj/tcpip.o
                0x00208ce4                tcp_connect
 .text.tcpip_uipcall
                0x00208d04       0x68 build/cc2538dk///obj/tcpip.o
                0x00208d04                tcpip_uipcall
 .text.newdata  0x00208d6c       0x4c build/cc2538dk///obj/tcp-socket.o
 .text.senddata
                0x00208db8       0x28 build/cc2538dk///obj/tcp-socket.o
 .text.process_thread_tcp_socket_process
                0x00208de0      0x1c8 build/cc2538dk///obj/tcp-socket.o
 .text.tcp_socket_register
                0x00208fa8       0x6c build/cc2538dk///obj/tcp-socket.o
                0x00208fa8                tcp_socket_register
 .text.tcp_socket_connect
                0x00209014       0x4c build/cc2538dk///obj/tcp-socket.o
                0x00209014                tcp_socket_connect
 .text.tcp_socket_unlisten
                0x00209060       0x3c build/cc2538dk///obj/tcp-socket.o
                0x00209060                tcp_socket_unlisten
 .text.tcp_socket_unregister
                0x0020909c       0x2c build/cc2538dk///obj/tcp-socket.o
                0x0020909c                tcp_socket_unregister
 .text.upper_layer_chksum
                0x002090c8       0x50 build/cc2538dk///obj/uip6.o
 .text.ext_hdr_options_process
                0x00209118       0x7c build/cc2538dk///obj/uip6.o
 .text.unlikely.uip_update_ttl
                0x00209194       0x24 build/cc2538dk///obj/uip6.o
 .text.uip_add32
                0x002091b8       0x54 build/cc2538dk///obj/uip6.o
                0x002091b8                uip_add32
 .text.unlikely.uip_add_rcv_nxt
                0x0020920c       0x30 build/cc2538dk///obj/uip6.o
 .text.uip_init
                0x0020923c       0x80 build/cc2538dk///obj/uip6.o
                0x0020923c                uip_init
 .text.uip_connect
                0x002092bc       0xd0 build/cc2538dk///obj/uip6.o
                0x002092bc                uip_connect
 .text.uip_remove_ext_hdr
                0x0020938c       0x60 build/cc2538dk///obj/uip6.o
                0x0020938c                uip_remove_ext_hdr
 .text.uip_unlisten
                0x002093ec       0x20 build/cc2538dk///obj/uip6.o
                0x002093ec                uip_unlisten
 .text.uip_process
                0x0020940c      0xd54 build/cc2538dk///obj/uip6.o
                0x0020940c                uip_process
 .text.uip_htonl
                0x0020a160       0x1c build/cc2538dk///obj/uip6.o
                0x0020a160                uip_htonl
 .text.uip_send
                0x0020a17c       0x60 build/cc2538dk///obj/uip6.o
                0x0020a17c                uip_send
 .text.uipbuf_add_ext_hdr
                0x0020a1dc       0x28 build/cc2538dk///obj/uipbuf.o
                0x0020a1dc                uipbuf_add_ext_hdr
 .text.uipbuf_set_len
                0x0020a204       0x14 build/cc2538dk///obj/uipbuf.o
                0x0020a204                uipbuf_set_len
 .text.uipbuf_get_attr
                0x0020a218       0x14 build/cc2538dk///obj/uipbuf.o
                0x0020a218                uipbuf_get_attr
 .text.uipbuf_clear_attr
                0x0020a22c       0x14 build/cc2538dk///obj/uipbuf.o
                0x0020a22c                uipbuf_clear_attr
 .text.uipbuf_clear
                0x0020a240       0x20 build/cc2538dk///obj/uipbuf.o
                0x0020a240                uipbuf_clear
 .text.uipbuf_init
                0x0020a260       0x20 build/cc2538dk///obj/uipbuf.o
                0x0020a260                uipbuf_init
 .text.uip_ds6_prefix_add
                0x0020a280       0x64 build/cc2538dk///obj/uip-ds6.o
                0x0020a280                uip_ds6_prefix_add
 .text.uip_ds6_is_addr_onlink
                0x0020a2e4       0x40 build/cc2538dk///obj/uip-ds6.o
                0x0020a2e4                uip_ds6_is_addr_onlink
 .text.uip_ds6_addr_lookup
                0x0020a324       0x2c build/cc2538dk///obj/uip-ds6.o
                0x0020a324                uip_ds6_addr_lookup
 .text.uip_ds6_get_link_local
                0x0020a350       0x3c build/cc2538dk///obj/uip-ds6.o
                0x0020a350                uip_ds6_get_link_local
 .text.uip_ds6_get_global
                0x0020a38c       0x3c build/cc2538dk///obj/uip-ds6.o
                0x0020a38c                uip_ds6_get_global
 .text.uip_ds6_maddr_add
                0x0020a3c8       0x4c build/cc2538dk///obj/uip-ds6.o
                0x0020a3c8                uip_ds6_maddr_add
 .text.uip_ds6_addr_add
                0x0020a414       0x98 build/cc2538dk///obj/uip-ds6.o
                0x0020a414                uip_ds6_addr_add
 .text.uip_ds6_maddr_lookup
                0x0020a4ac       0x2c build/cc2538dk///obj/uip-ds6.o
                0x0020a4ac                uip_ds6_maddr_lookup
 .text.uip_ds6_addr_rm
                0x0020a4d8       0x44 build/cc2538dk///obj/uip-ds6.o
                0x0020a4d8                uip_ds6_addr_rm
 .text.uip_ds6_periodic
                0x0020a51c       0x48 build/cc2538dk///obj/uip-ds6.o
                0x0020a51c                uip_ds6_periodic
 .text.uip_ds6_select_src
                0x0020a564       0x94 build/cc2538dk///obj/uip-ds6.o
                0x0020a564                uip_ds6_select_src
 .text.uip_ds6_compute_reachable_time
                0x0020a5f8       0x2c build/cc2538dk///obj/uip-ds6.o
                0x0020a5f8                uip_ds6_compute_reachable_time
 .text.uip_ds6_init
                0x0020a624       0xe0 build/cc2538dk///obj/uip-ds6.o
                0x0020a624                uip_ds6_init
 .text.uip_ds6_nbr_rm
                0x0020a704       0x24 build/cc2538dk///obj/uip-ds6-nbr.o
                0x0020a704                uip_ds6_nbr_rm
 .text.uip_ds6_neighbors_init
                0x0020a728       0x1c build/cc2538dk///obj/uip-ds6-nbr.o
                0x0020a728                uip_ds6_neighbors_init
 .text.uip_ds6_nbr_add
                0x0020a744       0x40 build/cc2538dk///obj/uip-ds6-nbr.o
                0x0020a744                uip_ds6_nbr_add
 .text.uip_ds6_nbr_get_ll
                0x0020a784        0xc build/cc2538dk///obj/uip-ds6-nbr.o
                0x0020a784                uip_ds6_nbr_get_ll
 .text.uip_ds6_nbr_head
                0x0020a790        0xc build/cc2538dk///obj/uip-ds6-nbr.o
                0x0020a790                uip_ds6_nbr_head
 .text.uip_ds6_nbr_next
                0x0020a79c        0xc build/cc2538dk///obj/uip-ds6-nbr.o
                0x0020a79c                uip_ds6_nbr_next
 .text.uip_ds6_nbr_ll_lookup
                0x0020a7a8        0xc build/cc2538dk///obj/uip-ds6-nbr.o
                0x0020a7a8                uip_ds6_nbr_ll_lookup
 .text.uip_ds6_route_init
                0x0020a7b4       0x1c build/cc2538dk///obj/uip-ds6-route.o
                0x0020a7b4                uip_ds6_route_init
 .text.uip_ds6_defrt_rm
                0x0020a7d0       0x38 build/cc2538dk///obj/uip-ds6-route.o
                0x0020a7d0                uip_ds6_defrt_rm
 .text.uip_ds6_defrt_lookup
                0x0020a808       0x34 build/cc2538dk///obj/uip-ds6-route.o
                0x0020a808                uip_ds6_defrt_lookup
 .text.uip_ds6_defrt_add
                0x0020a83c       0x60 build/cc2538dk///obj/uip-ds6-route.o
                0x0020a83c                uip_ds6_defrt_add
 .text.uip_ds6_defrt_choose
                0x0020a89c       0x30 build/cc2538dk///obj/uip-ds6-route.o
                0x0020a89c                uip_ds6_defrt_choose
 .text.uip_ds6_defrt_periodic
                0x0020a8cc       0x3c build/cc2538dk///obj/uip-ds6-route.o
                0x0020a8cc                uip_ds6_defrt_periodic
 .text.echo_reply_input
                0x0020a908       0x6c build/cc2538dk///obj/uip-icmp6.o
 .text.echo_request_input
                0x0020a974       0x9c build/cc2538dk///obj/uip-icmp6.o
 .text.uip_icmp6_input
                0x0020aa10       0x38 build/cc2538dk///obj/uip-icmp6.o
                0x0020aa10                uip_icmp6_input
 .text.uip_icmp6_register_input_handler
                0x0020aa48        0xc build/cc2538dk///obj/uip-icmp6.o
                0x0020aa48                uip_icmp6_register_input_handler
 .text.uip_icmp6_error_output
                0x0020aa54      0x130 build/cc2538dk///obj/uip-icmp6.o
                0x0020aa54                uip_icmp6_error_output
 .text.uip_icmp6_send
                0x0020ab84       0x7c build/cc2538dk///obj/uip-icmp6.o
                0x0020ab84                uip_icmp6_send
 .text.uip_icmp6_echo_reply_callback_add
                0x0020ac00       0x14 build/cc2538dk///obj/uip-icmp6.o
                0x0020ac00                uip_icmp6_echo_reply_callback_add
 .text.uip_icmp6_init
                0x0020ac14       0x1c build/cc2538dk///obj/uip-icmp6.o
                0x0020ac14                uip_icmp6_init
 .text.uiplib_ipaddr_snprint
                0x0020ac30       0xf4 build/cc2538dk///obj/uiplib.o
                0x0020ac30                uiplib_ipaddr_snprint
 .text.ns_input
                0x0020ad24      0x280 build/cc2538dk///obj/uip-nd6.o
 .text.uip_nd6_init
                0x0020afa4        0xc build/cc2538dk///obj/uip-nd6.o
                0x0020afa4                uip_nd6_init
 .text.node_matches_address.part.0
                0x0020afb0       0x28 build/cc2538dk///obj/uip-sr.o
 .text.uip_sr_get_node
                0x0020afd8       0x38 build/cc2538dk///obj/uip-sr.o
                0x0020afd8                uip_sr_get_node
 .text.uip_sr_is_addr_reachable
                0x0020b010       0x44 build/cc2538dk///obj/uip-sr.o
                0x0020b010                uip_sr_is_addr_reachable
 .text.uip_sr_update_node
                0x0020b054       0xa4 build/cc2538dk///obj/uip-sr.o
                0x0020b054                uip_sr_update_node
 .text.uip_sr_init
                0x0020b0f8       0x24 build/cc2538dk///obj/uip-sr.o
                0x0020b0f8                uip_sr_init
 .text.uip_sr_periodic
                0x0020b11c       0x74 build/cc2538dk///obj/uip-sr.o
                0x0020b11c                uip_sr_periodic
 .text.uip_sr_free_all
                0x0020b190       0x48 build/cc2538dk///obj/uip-sr.o
                0x0020b190                uip_sr_free_all
 .text.rpl_has_joined
                0x0020b1d8       0x18 build/cc2538dk///obj/rpl.o
                0x0020b1d8                rpl_has_joined
 .text.rpl_is_reachable
                0x0020b1f0       0x18 build/cc2538dk///obj/rpl.o
                0x0020b1f0                rpl_is_reachable
 .text.set_ip_from_prefix
                0x0020b208       0x2c build/cc2538dk///obj/rpl.o
 .text.init     0x0020b234       0x40 build/cc2538dk///obj/rpl.o
 .text.rpl_link_callback
                0x0020b274       0x2c build/cc2538dk///obj/rpl.o
                0x0020b274                rpl_link_callback
 .text.get_sr_node_ipaddr
                0x0020b2a0       0x2c build/cc2538dk///obj/rpl.o
 .text.rpl_get_global_address
                0x0020b2cc       0x70 build/cc2538dk///obj/rpl.o
                0x0020b2cc                rpl_get_global_address
 .text.rpl_reset_prefix
                0x0020b33c       0x28 build/cc2538dk///obj/rpl.o
                0x0020b33c                rpl_reset_prefix
 .text.rpl_set_prefix_from_addr
                0x0020b364       0x68 build/cc2538dk///obj/rpl.o
                0x0020b364                rpl_set_prefix_from_addr
 .text.rpl_get_leaf_only
                0x0020b3cc        0xc build/cc2538dk///obj/rpl.o
                0x0020b3cc                rpl_get_leaf_only
 .text.init_dag
                0x0020b3d8       0x74 build/cc2538dk///obj/rpl-dag.o
 .text.init_dag_from_dio
                0x0020b44c       0x84 build/cc2538dk///obj/rpl-dag.o
 .text.rpl_dag_get_root_ipaddr
                0x0020b4d0       0x30 build/cc2538dk///obj/rpl-dag.o
                0x0020b4d0                rpl_dag_get_root_ipaddr
 .text.rpl_dag_leave
                0x0020b500       0x50 build/cc2538dk///obj/rpl-dag.o
                0x0020b500                rpl_dag_leave
 .text.rpl_dag_poison_and_leave
                0x0020b550       0x10 build/cc2538dk///obj/rpl-dag.o
                0x0020b550                rpl_dag_poison_and_leave
 .text.rpl_dag_periodic
                0x0020b560       0x44 build/cc2538dk///obj/rpl-dag.o
                0x0020b560                rpl_dag_periodic
 .text.rpl_is_addr_in_our_dag
                0x0020b5a4       0x24 build/cc2538dk///obj/rpl-dag.o
                0x0020b5a4                rpl_is_addr_in_our_dag
 .text.rpl_local_repair
                0x0020b5c8       0x34 build/cc2538dk///obj/rpl-dag.o
                0x0020b5c8                rpl_local_repair
 .text.rpl_global_repair
                0x0020b5fc       0x38 build/cc2538dk///obj/rpl-dag.o
                0x0020b5fc                rpl_global_repair
 .text.rpl_dag_ready_to_advertise
                0x0020b634       0x24 build/cc2538dk///obj/rpl-dag.o
                0x0020b634                rpl_dag_ready_to_advertise
 .text.rpl_dag_update_state
                0x0020b658      0x118 build/cc2538dk///obj/rpl-dag.o
                0x0020b658                rpl_dag_update_state
 .text.rpl_process_dio
                0x0020b770      0x190 build/cc2538dk///obj/rpl-dag.o
                0x0020b770                rpl_process_dio
 .text.rpl_process_dis
                0x0020b900       0x2c build/cc2538dk///obj/rpl-dag.o
                0x0020b900                rpl_process_dis
 .text.rpl_process_dao
                0x0020b92c       0x4c build/cc2538dk///obj/rpl-dag.o
                0x0020b92c                rpl_process_dao
 .text.rpl_process_dao_ack
                0x0020b978       0x54 build/cc2538dk///obj/rpl-dag.o
                0x0020b978                rpl_process_dao_ack
 .text.rpl_dag_init_root
                0x0020b9cc       0xa8 build/cc2538dk///obj/rpl-dag.o
                0x0020b9cc                rpl_dag_init_root
 .text.rpl_dag_init
                0x0020ba74       0x10 build/cc2538dk///obj/rpl-dag.o
                0x0020ba74                rpl_dag_init
 .text.rpl_dag_root_set_prefix
                0x0020ba84       0x64 build/cc2538dk///obj/rpl-dag-root.o
                0x0020ba84                rpl_dag_root_set_prefix
 .text.rpl_dag_root_start
                0x0020bae8       0x68 build/cc2538dk///obj/rpl-dag-root.o
                0x0020bae8                rpl_dag_root_start
 .text.rpl_dag_root_is_root
                0x0020bb50       0x18 build/cc2538dk///obj/rpl-dag-root.o
                0x0020bb50                rpl_dag_root_is_root
 .text.update_hbh_header
                0x0020bb68       0x50 build/cc2538dk///obj/rpl-ext-header.o
 .text.rpl_ext_header_srh_get_next_hop
                0x0020bbb8       0x84 build/cc2538dk///obj/rpl-ext-header.o
                0x0020bbb8                rpl_ext_header_srh_get_next_hop
 .text.rpl_ext_header_srh_update
                0x0020bc3c       0x9c build/cc2538dk///obj/rpl-ext-header.o
                0x0020bc3c                rpl_ext_header_srh_update
 .text.rpl_ext_header_hbh_update
                0x0020bcd8       0x84 build/cc2538dk///obj/rpl-ext-header.o
                0x0020bcd8                rpl_ext_header_hbh_update
 .text.rpl_ext_header_remove
                0x0020bd5c       0xa0 build/cc2538dk///obj/rpl-ext-header.o
                0x0020bd5c                rpl_ext_header_remove
 .text.rpl_ext_header_update
                0x0020bdfc      0x23c build/cc2538dk///obj/rpl-ext-header.o
                0x0020bdfc                rpl_ext_header_update
 .text.dao_ack_input
                0x0020c038       0x38 build/cc2538dk///obj/rpl-icmp6.o
 .text.dao_input
                0x0020c070       0xfc build/cc2538dk///obj/rpl-icmp6.o
 .text.dio_input
                0x0020c16c      0x21c build/cc2538dk///obj/rpl-icmp6.o
 .text.dis_input
                0x0020c388       0x2c build/cc2538dk///obj/rpl-icmp6.o
 .text.rpl_icmp6_dis_output
                0x0020c3b4       0x38 build/cc2538dk///obj/rpl-icmp6.o
                0x0020c3b4                rpl_icmp6_dis_output
 .text.rpl_icmp6_dio_output
                0x0020c3ec      0x1c8 build/cc2538dk///obj/rpl-icmp6.o
                0x0020c3ec                rpl_icmp6_dio_output
 .text.rpl_icmp6_dao_output
                0x0020c5b4       0xc4 build/cc2538dk///obj/rpl-icmp6.o
                0x0020c5b4                rpl_icmp6_dao_output
 .text.rpl_icmp6_dao_ack_output
                0x0020c678       0x44 build/cc2538dk///obj/rpl-icmp6.o
                0x0020c678                rpl_icmp6_dao_ack_output
 .text.rpl_icmp6_init
                0x0020c6bc       0x30 build/cc2538dk///obj/rpl-icmp6.o
                0x0020c6bc                rpl_icmp6_init
 .text.update_metric_container
                0x0020c6ec        0xc build/cc2538dk///obj/rpl-mrhof.o
 .text.within_hysteresis
                0x0020c6f8       0x3c build/cc2538dk///obj/rpl-mrhof.o
 .text.rank_via_nbr
                0x0020c734       0x30 build/cc2538dk///obj/rpl-mrhof.o
 .text.best_parent
                0x0020c764       0x68 build/cc2538dk///obj/rpl-mrhof.o
 .text.update_state
                0x0020c7cc       0x74 build/cc2538dk///obj/rpl-nbr-policy.o
 .text.rpl_nbr_policy_find_removable
                0x0020c840       0x50 build/cc2538dk///obj/rpl-nbr-policy.o
                0x0020c840                rpl_nbr_policy_find_removable
 .text.remove_neighbor
                0x0020c890       0x3c build/cc2538dk///obj/rpl-neighbor.o
 .text.rpl_neighbor_get_from_lladdr
                0x0020c8cc       0x10 build/cc2538dk///obj/rpl-neighbor.o
                0x0020c8cc                rpl_neighbor_get_from_lladdr
 .text.rpl_neighbor_rank_via_nbr
                0x0020c8dc       0x18 build/cc2538dk///obj/rpl-neighbor.o
                0x0020c8dc                rpl_neighbor_rank_via_nbr
 .text.rpl_neighbor_get_lladdr
                0x0020c8f4       0x10 build/cc2538dk///obj/rpl-neighbor.o
                0x0020c8f4                rpl_neighbor_get_lladdr
 .text.best_parent
                0x0020c904       0x88 build/cc2538dk///obj/rpl-neighbor.o
 .text.rpl_neighbor_is_parent
                0x0020c98c       0x18 build/cc2538dk///obj/rpl-neighbor.o
                0x0020c98c                rpl_neighbor_is_parent
 .text.rpl_neighbor_set_preferred_parent
                0x0020c9a4       0x44 build/cc2538dk///obj/rpl-neighbor.o
                0x0020c9a4                rpl_neighbor_set_preferred_parent
 .text.rpl_neighbor_remove_all
                0x0020c9e8       0x2c build/cc2538dk///obj/rpl-neighbor.o
                0x0020c9e8                rpl_neighbor_remove_all
 .text.rpl_neighbor_get_from_ipaddr
                0x0020ca14       0x1c build/cc2538dk///obj/rpl-neighbor.o
                0x0020ca14                rpl_neighbor_get_from_ipaddr
 .text.rpl_neighbor_select_best
                0x0020ca30       0x54 build/cc2538dk///obj/rpl-neighbor.o
                0x0020ca30                rpl_neighbor_select_best
 .text.rpl_neighbor_init
                0x0020ca84       0x14 build/cc2538dk///obj/rpl-neighbor.o
                0x0020ca84                rpl_neighbor_init
 .text.new_dio_interval
                0x0020ca98       0x54 build/cc2538dk///obj/rpl-timers.o
 .text.handle_unicast_dio_timer
                0x0020caec       0x1c build/cc2538dk///obj/rpl-timers.o
 .text.handle_dao_timer
                0x0020cb08       0xd8 build/cc2538dk///obj/rpl-timers.o
 .text.handle_dao_ack_timer
                0x0020cbe0       0x14 build/cc2538dk///obj/rpl-timers.o
 .text.handle_leaving_timer
                0x0020cbf4       0x10 build/cc2538dk///obj/rpl-timers.o
 .text.handle_dio_timer
                0x0020cc04       0x70 build/cc2538dk///obj/rpl-timers.o
 .text.rpl_timers_schedule_periodic_dis
                0x0020cc74       0x38 build/cc2538dk///obj/rpl-timers.o
                0x0020cc74                rpl_timers_schedule_periodic_dis
 .text.handle_dis_timer
                0x0020ccac       0x34 build/cc2538dk///obj/rpl-timers.o
 .text.handle_periodic_timer
                0x0020cce0       0x44 build/cc2538dk///obj/rpl-timers.o
 .text.rpl_timers_dio_reset
                0x0020cd24       0x28 build/cc2538dk///obj/rpl-timers.o
                0x0020cd24                rpl_timers_dio_reset
 .text.rpl_timers_schedule_unicast_dio
                0x0020cd4c       0x28 build/cc2538dk///obj/rpl-timers.o
                0x0020cd4c                rpl_timers_schedule_unicast_dio
 .text.rpl_timers_schedule_dao
                0x0020cd74       0x4c build/cc2538dk///obj/rpl-timers.o
                0x0020cd74                rpl_timers_schedule_dao
 .text.rpl_timers_schedule_dao_ack
                0x0020cdc0       0x48 build/cc2538dk///obj/rpl-timers.o
                0x0020cdc0                rpl_timers_schedule_dao_ack
 .text.get_probing_target
                0x0020ce08       0xbc build/cc2538dk///obj/rpl-timers.o
                0x0020ce08                get_probing_target
 .text.rpl_schedule_probing
                0x0020cec4       0x28 build/cc2538dk///obj/rpl-timers.o
                0x0020cec4                rpl_schedule_probing
 .text.rpl_schedule_probing_now
                0x0020ceec       0x2c build/cc2538dk///obj/rpl-timers.o
                0x0020ceec                rpl_schedule_probing_now
 .text.rpl_timers_unschedule_leaving
                0x0020cf18       0x24 build/cc2538dk///obj/rpl-timers.o
                0x0020cf18                rpl_timers_unschedule_leaving
 .text.rpl_timers_schedule_leaving
                0x0020cf3c       0x30 build/cc2538dk///obj/rpl-timers.o
                0x0020cf3c                rpl_timers_schedule_leaving
 .text.rpl_timers_init
                0x0020cf6c       0x20 build/cc2538dk///obj/rpl-timers.o
                0x0020cf6c                rpl_timers_init
 .text.rpl_timers_stop_dag_timers
                0x0020cf8c       0x44 build/cc2538dk///obj/rpl-timers.o
                0x0020cf8c                rpl_timers_stop_dag_timers
 .text.rpl_timers_unschedule_state_update
                0x0020cfd0       0x14 build/cc2538dk///obj/rpl-timers.o
                0x0020cfd0                rpl_timers_unschedule_state_update
 .text.rpl_timers_schedule_state_update
                0x0020cfe4       0x1c build/cc2538dk///obj/rpl-timers.o
                0x0020cfe4                rpl_timers_schedule_state_update
 .text.echo_reply_handler
                0x0020d000       0x24 mqtt-client.o
 .text.mqtt_event
                0x0020d024       0xac mqtt-client.o
 .text.process_thread_mqtt_client_process
                0x0020d0d0      0x568 mqtt-client.o
 .text          0x0020d638       0x30 /usr/bin/../lib/gcc/arm-none-eabi/7.3.1/thumb/v7-m/libgcc.a(_aeabi_uldivmod.o)
                0x0020d638                __aeabi_uldivmod
 .text          0x0020d668      0x2d0 /usr/bin/../lib/gcc/arm-none-eabi/7.3.1/thumb/v7-m/libgcc.a(_udivmoddi4.o)
                0x0020d668                __udivmoddi4
 .text          0x0020d938        0x4 /usr/bin/../lib/gcc/arm-none-eabi/7.3.1/thumb/v7-m/libgcc.a(_dvmd_tls.o)
                0x0020d938                __aeabi_ldiv0
                0x0020d938                __aeabi_idiv0
 .text.__locale_ctype_ptr
                0x0020d93c       0x1c /usr/bin/../lib/gcc/arm-none-eabi/7.3.1/../../../../arm-none-eabi/lib/thumb/v7-m/libc.a(lib_a-locale.o)
                0x0020d93c                __locale_ctype_ptr
 .text.__ascii_mbtowc
                0x0020d958       0x2c /usr/bin/../lib/gcc/arm-none-eabi/7.3.1/../../../../arm-none-eabi/lib/thumb/v7-m/libc.a(lib_a-mbtowc_r.o)
                0x0020d958                __ascii_mbtowc
 .text.memcmp   0x0020d984       0x64 /usr/bin/../lib/gcc/arm-none-eabi/7.3.1/../../../../arm-none-eabi/lib/thumb/v7-m/libc.a(lib_a-memcmp.o)
                0x0020d984                memcmp
 .text          0x0020d9e8       0xec /usr/bin/../lib/gcc/arm-none-eabi/7.3.1/../../../../arm-none-eabi/lib/thumb/v7-m/libc.a(lib_a-memcpy.o)
                0x0020d9e8                memcpy
 .text.memmove  0x0020dad4       0xc4 /usr/bin/../lib/gcc/arm-none-eabi/7.3.1/../../../../arm-none-eabi/lib/thumb/v7-m/libc.a(lib_a-memmove.o)
                0x0020dad4                memmove
 .text.memset   0x0020db98       0x94 /usr/bin/../lib/gcc/arm-none-eabi/7.3.1/../../../../arm-none-eabi/lib/thumb/v7-m/libc.a(lib_a-memset.o)
                0x0020db98                memset
 .text.strlen   0x0020dc2c       0x5c /usr/bin/../lib/gcc/arm-none-eabi/7.3.1/../../../../arm-none-eabi/lib/thumb/v7-m/libc.a(lib_a-strlen-stub.o)
                0x0020dc2c                strlen
 .text.strncasecmp
                0x0020dc88       0x5c /usr/bin/../lib/gcc/arm-none-eabi/7.3.1/../../../../arm-none-eabi/lib/thumb/v7-m/libc.a(lib_a-strncasecmp.o)
                0x0020dc88                strncasecmp
 .text.strncmp  0x0020dce4       0x94 /usr/bin/../lib/gcc/arm-none-eabi/7.3.1/../../../../arm-none-eabi/lib/thumb/v7-m/libc.a(lib_a-strncmp.o)
                0x0020dce4                strncmp
 .text.__ascii_wctomb
                0x0020dd78       0x18 /usr/bin/../lib/gcc/arm-none-eabi/7.3.1/../../../../arm-none-eabi/lib/thumb/v7-m/libc.a(lib_a-wctomb_r.o)
                0x0020dd78                __ascii_wctomb
 .text.default_handler
                0x0020dd90        0x2 build/cc2538dk///obj/startup-gcc.o
                0x0020dd90                default_handler
 .text.nmi_handler
                0x0020dd92        0x6 build/cc2538dk///obj/startup-gcc.o
                0x0020dd92                nmi_handler
 .text.fade     0x0020dd98       0x58 build/cc2538dk///obj/platform.o
 .text.platform_init_stage_one
                0x0020ddf0       0x14 build/cc2538dk///obj/platform.o
                0x0020ddf0                platform_init_stage_one
 .text.platform_idle
                0x0020de04        0x4 build/cc2538dk///obj/platform.o
                0x0020de04                platform_idle
 .text.status   0x0020de08        0x4 build/cc2538dk///obj/als-sensor.o
 .text.soc_init
                0x0020de0c       0x22 build/cc2538dk///obj/soc.o
                0x0020de0c                soc_init
 .text.clock_isr
                0x0020de2e        0x4 build/cc2538dk///obj/clock.o
                0x0020de2e                clock_isr
 .text.rtimer_arch_init
                0x0020de32        0x2 build/cc2538dk///obj/rtimer-arch.o
                0x0020de32                rtimer_arch_init
 .text.uart0_isr
                0x0020de34        0x6 build/cc2538dk///obj/uart.o
                0x0020de34                uart0_isr
 .text.uart1_isr
                0x0020de3a        0x6 build/cc2538dk///obj/uart.o
                0x0020de3a                uart1_isr
 .text.gpio_port_a_isr
                0x0020de40        0x6 build/cc2538dk///obj/gpio.o
                0x0020de40                gpio_port_a_isr
 .text.gpio_port_b_isr
                0x0020de46        0x6 build/cc2538dk///obj/gpio.o
                0x0020de46                gpio_port_b_isr
 .text.gpio_port_c_isr
                0x0020de4c        0x6 build/cc2538dk///obj/gpio.o
                0x0020de4c                gpio_port_c_isr
 .text.gpio_port_d_isr
                0x0020de52        0x6 build/cc2538dk///obj/gpio.o
                0x0020de52                gpio_port_d_isr
 .text.send     0x0020de58       0x12 build/cc2538dk///obj/cc2538-rf.o
 .text.int_master_read_and_disable
                0x0020de6a        0x8 build/cc2538dk///obj/int-master.o
                0x0020de6a                int_master_read_and_disable
 .text.int_master_status_set
                0x0020de72        0x6 build/cc2538dk///obj/int-master.o
                0x0020de72                int_master_status_set
 .text.dbg_putchar
                0x0020de78       0x10 build/cc2538dk///obj/dbg.o
                0x0020de78                dbg_putchar
 .text.dbg_send_bytes
                0x0020de88       0x20 build/cc2538dk///obj/dbg.o
                0x0020de88                dbg_send_bytes
 .text.configure
                0x0020dea8        0x4 build/cc2538dk///obj/cc2538-temp-sensor.o
 .text.status   0x0020deac        0x4 build/cc2538dk///obj/cc2538-temp-sensor.o
 .text.value    0x0020deb0       0x34 build/cc2538dk///obj/cc2538-temp-sensor.o
 .text.configure
                0x0020dee4        0x4 build/cc2538dk///obj/vdd3-sensor.o
 .text.status   0x0020dee8        0x4 build/cc2538dk///obj/vdd3-sensor.o
 .text.value    0x0020deec       0x2a build/cc2538dk///obj/vdd3-sensor.o
 .text.encode_remaining_length
                0x0020df16       0x26 build/cc2538dk///obj/mqtt.o
 .text.reset_packet
                0x0020df3c       0x14 build/cc2538dk///obj/mqtt.o
 .text.abort_connection
                0x0020df50       0x3e build/cc2538dk///obj/mqtt.o
 .text.send_out_buffer
                0x0020df8e       0x22 build/cc2538dk///obj/mqtt.o
 .text.write_byte
                0x0020dfb0       0x20 build/cc2538dk///obj/mqtt.o
 .text.write_bytes
                0x0020dfd0       0x4e build/cc2538dk///obj/mqtt.o
 .text.string_to_mqtt_string
                0x0020e01e       0x18 build/cc2538dk///obj/mqtt.o
 .text.mqtt_set_username_password
                0x0020e036       0x3a build/cc2538dk///obj/mqtt.o
                0x0020e036                mqtt_set_username_password
 .text.autostart_start
                0x0020e070       0x14 build/cc2538dk///obj/autostart.o
                0x0020e070                autostart_start
 .text.energest_init
                0x0020e084        0x2 build/cc2538dk///obj/energest.o
                0x0020e084                energest_init
 .text.etimer_set
                0x0020e086       0x12 build/cc2538dk///obj/etimer.o
                0x0020e086                etimer_set
 .text.etimer_reset
                0x0020e098       0x12 build/cc2538dk///obj/etimer.o
                0x0020e098                etimer_reset
 .text.etimer_restart
                0x0020e0aa       0x12 build/cc2538dk///obj/etimer.o
                0x0020e0aa                etimer_restart
 .text.etimer_expired
                0x0020e0bc        0xa build/cc2538dk///obj/etimer.o
                0x0020e0bc                etimer_expired
 .text.call_process
                0x0020e0c6        0xc build/cc2538dk///obj/process.o
 .text.rtimer_init
                0x0020e0d2        0x4 build/cc2538dk///obj/rtimer.o
                0x0020e0d2                rtimer_init
 .text.stimer_set
                0x0020e0d6        0xe build/cc2538dk///obj/stimer.o
                0x0020e0d6                stimer_set
 .text.timer_set
                0x0020e0e4        0xe build/cc2538dk///obj/timer.o
                0x0020e0e4                timer_set
 .text.timer_restart
                0x0020e0f2        0xc build/cc2538dk///obj/timer.o
                0x0020e0f2                timer_restart
 .text.timer_expired
                0x0020e0fe       0x1c build/cc2538dk///obj/timer.o
                0x0020e0fe                timer_expired
 .text.timer_reset
                0x0020e11a       0x14 build/cc2538dk///obj/timer.o
                0x0020e11a                timer_reset
 .text.button_hal_get_state
                0x0020e12e       0x28 build/cc2538dk///obj/button-hal.o
                0x0020e12e                button_hal_get_state
 .text.list_init
                0x0020e156        0x6 build/cc2538dk///obj/list.o
                0x0020e156                list_init
 .text.list_head
                0x0020e15c        0x4 build/cc2538dk///obj/list.o
                0x0020e15c                list_head
 .text.list_tail
                0x0020e160       0x10 build/cc2538dk///obj/list.o
                0x0020e160                list_tail
 .text.list_remove
                0x0020e170       0x26 build/cc2538dk///obj/list.o
                0x0020e170                list_remove
 .text.list_add
                0x0020e196       0x1a build/cc2538dk///obj/list.o
                0x0020e196                list_add
 .text.list_push
                0x0020e1b0       0x10 build/cc2538dk///obj/list.o
                0x0020e1b0                list_push
 .text.list_length
                0x0020e1c0        0xe build/cc2538dk///obj/list.o
                0x0020e1c0                list_length
 .text.list_item_next
                0x0020e1ce        0x6 build/cc2538dk///obj/list.o
                0x0020e1ce                list_item_next
 .text.memb_init
                0x0020e1d4       0x20 build/cc2538dk///obj/memb.o
                0x0020e1d4                memb_init
 .text.memb_alloc
                0x0020e1f4       0x28 build/cc2538dk///obj/memb.o
                0x0020e1f4                memb_alloc
 .text.memb_free
                0x0020e21c       0x2c build/cc2538dk///obj/memb.o
                0x0020e21c                memb_free
 .text.memb_inmemb
                0x0020e248       0x1c build/cc2538dk///obj/memb.o
                0x0020e248                memb_inmemb
 .text.memb_numfree
                0x0020e264       0x1c build/cc2538dk///obj/memb.o
                0x0020e264                memb_numfree
 .text.ringbuf_init
                0x0020e280        0xe build/cc2538dk///obj/ringbuf.o
                0x0020e280                ringbuf_init
 .text.ringbuf_put
                0x0020e28e       0x26 build/cc2538dk///obj/ringbuf.o
                0x0020e28e                ringbuf_put
 .text.ringbuf_get
                0x0020e2b4       0x20 build/cc2538dk///obj/ringbuf.o
                0x0020e2b4                ringbuf_get
 .text.linkaddr_copy
                0x0020e2d4        0x6 build/cc2538dk///obj/linkaddr.o
                0x0020e2d4                linkaddr_copy
 .text.linkaddr_cmp
                0x0020e2da       0x10 build/cc2538dk///obj/linkaddr.o
                0x0020e2da                linkaddr_cmp
 .text.link_stats_is_fresh
                0x0020e2ea       0x24 build/cc2538dk///obj/link-stats.o
                0x0020e2ea                link_stats_is_fresh
 .text.guess_etx_from_rssi
                0x0020e30e       0x42 build/cc2538dk///obj/link-stats.o
                0x0020e30e                guess_etx_from_rssi
 .text.item_from_index
                0x0020e350       0x14 build/cc2538dk///obj/nbr-table.o
 .text.index_from_item
                0x0020e364       0x16 build/cc2538dk///obj/nbr-table.o
 .text.nbr_set_bit
                0x0020e37a       0x3a build/cc2538dk///obj/nbr-table.o
 .text.nbr_table_get_from_lladdr
                0x0020e3b4       0x26 build/cc2538dk///obj/nbr-table.o
                0x0020e3b4                nbr_table_get_from_lladdr
 .text.queuebuf_update_attr_from_packetbuf
                0x0020e3da        0xc build/cc2538dk///obj/queuebuf.o
                0x0020e3da                queuebuf_update_attr_from_packetbuf
 .text.mac_call_sent_callback
                0x0020e3e6       0x18 build/cc2538dk///obj/mac.o
                0x0020e3e6                mac_call_sent_callback
 .text.frame802154_has_panid
                0x0020e3fe       0xbc build/cc2538dk///obj/frame802154.o
                0x0020e3fe                frame802154_has_panid
 .text.field_len
                0x0020e4ba       0x84 build/cc2538dk///obj/frame802154.o
 .text.frame802154_is_broadcast_addr
                0x0020e53e       0x1e build/cc2538dk///obj/frame802154.o
                0x0020e53e                frame802154_is_broadcast_addr
 .text.frame802154_hdrlen
                0x0020e55c       0x32 build/cc2538dk///obj/frame802154.o
                0x0020e55c                frame802154_hdrlen
 .text.frame802154_create_fcf
                0x0020e58e       0x5e build/cc2538dk///obj/frame802154.o
                0x0020e58e                frame802154_create_fcf
 .text.frame802154_create
                0x0020e5ec       0x8e build/cc2538dk///obj/frame802154.o
                0x0020e5ec                frame802154_create
 .text.frame802154_parse_fcf
                0x0020e67a       0x66 build/cc2538dk///obj/frame802154.o
                0x0020e67a                frame802154_parse_fcf
 .text.parse    0x0020e6e0       0x94 build/cc2538dk///obj/framer-802154.o
 .text.framer_802154_setup_params.part.0
                0x0020e774       0x7c build/cc2538dk///obj/framer-802154.o
 .text.create   0x0020e7f0        0x6 build/cc2538dk///obj/framer-802154.o
 .text.hdr_length
                0x0020e7f6        0x6 build/cc2538dk///obj/framer-802154.o
 .text.write_str
                0x0020e7fc       0x10 build/cc2538dk///obj/printf.o
 .text.putchar  0x0020e80c        0xc build/cc2538dk///obj/putchar.o
                0x0020e80c                putchar
 .text.buffer_str
                0x0020e818       0x28 build/cc2538dk///obj/snprintf.o
 .text.snprintf
                0x0020e840       0x1a build/cc2538dk///obj/snprintf.o
                0x0020e840                snprintf
 .text.send_packet
                0x0020e85a        0x4 build/cc2538dk///obj/csma.o
 .text.init     0x0020e85e        0xe build/cc2538dk///obj/csma.o
 .text.call_event
                0x0020e86c       0x14 build/cc2538dk///obj/tcp-socket.o
 .text.relisten
                0x0020e880       0x14 build/cc2538dk///obj/tcp-socket.o
 .text.tcp_socket_send
                0x0020e894       0x3a build/cc2538dk///obj/tcp-socket.o
                0x0020e894                tcp_socket_send
 .text.tcp_socket_close
                0x0020e8ce       0x18 build/cc2538dk///obj/tcp-socket.o
                0x0020e8ce                tcp_socket_close
 .text.chksum   0x0020e8e6       0x38 build/cc2538dk///obj/uip6.o
 .text.uip_icmp6chksum
                0x0020e91e        0x6 build/cc2538dk///obj/uip6.o
                0x0020e91e                uip_icmp6chksum
 .text.uip_tcpchksum
                0x0020e924        0x6 build/cc2538dk///obj/uip6.o
                0x0020e924                uip_tcpchksum
 .text.uip_udpchksum
                0x0020e92a        0x6 build/cc2538dk///obj/uip6.o
                0x0020e92a                uip_udpchksum
 .text.uip_htons
                0x0020e930        0x6 build/cc2538dk///obj/uip6.o
                0x0020e930                uip_htons
 .text.uipbuf_set_len_field
                0x0020e936        0x8 build/cc2538dk///obj/uipbuf.o
                0x0020e936                uipbuf_set_len_field
 .text.uipbuf_get_len_field
                0x0020e93e        0xc build/cc2538dk///obj/uipbuf.o
                0x0020e93e                uipbuf_get_len_field
 .text.uipbuf_get_next_header
                0x0020e94a       0x48 build/cc2538dk///obj/uipbuf.o
                0x0020e94a                uipbuf_get_next_header
 .text.uipbuf_get_last_header
                0x0020e992       0x2c build/cc2538dk///obj/uipbuf.o
                0x0020e992                uipbuf_get_last_header
 .text.uipbuf_search_header
                0x0020e9be       0x40 build/cc2538dk///obj/uipbuf.o
                0x0020e9be                uipbuf_search_header
 .text.uip_ds6_list_loop
                0x0020e9fe       0x4c build/cc2538dk///obj/uip-ds6.o
                0x0020e9fe                uip_ds6_list_loop
 .text.uip_ds6_maddr_rm
                0x0020ea4a        0x8 build/cc2538dk///obj/uip-ds6.o
                0x0020ea4a                uip_ds6_maddr_rm
 .text.uip_ds6_set_addr_iid
                0x0020ea52       0x16 build/cc2538dk///obj/uip-ds6.o
                0x0020ea52                uip_ds6_set_addr_iid
 .text.uip_ds6_set_lladdr_from_iid
                0x0020ea68       0x16 build/cc2538dk///obj/uip-ds6.o
                0x0020ea68                uip_ds6_set_lladdr_from_iid
 .text.get_match_length
                0x0020ea7e       0x36 build/cc2538dk///obj/uip-ds6.o
                0x0020ea7e                get_match_length
 .text.uip_ds6_nbr_lookup
                0x0020eab4       0x2c build/cc2538dk///obj/uip-ds6-nbr.o
                0x0020eab4                uip_ds6_nbr_lookup
 .text.uip_ds6_nbr_update_ll
                0x0020eae0       0x5e build/cc2538dk///obj/uip-ds6-nbr.o
                0x0020eae0                uip_ds6_nbr_update_ll
 .text.uip_ds6_nbr_ipaddr_from_lladdr
                0x0020eb3e        0x4 build/cc2538dk///obj/uip-ds6-nbr.o
                0x0020eb3e                uip_ds6_nbr_ipaddr_from_lladdr
 .text.uip_ds6_nbr_lladdr_from_ipaddr
                0x0020eb42       0x12 build/cc2538dk///obj/uip-ds6-nbr.o
                0x0020eb42                uip_ds6_nbr_lladdr_from_ipaddr
 .text.uip_ds6_link_callback
                0x0020eb54        0x2 build/cc2538dk///obj/uip-ds6-nbr.o
                0x0020eb54                uip_ds6_link_callback
 .text.uip_ds6_route_nexthop
                0x0020eb56        0x4 build/cc2538dk///obj/uip-ds6-route.o
                0x0020eb56                uip_ds6_route_nexthop
 .text.uip_ds6_route_lookup
                0x0020eb5a        0x4 build/cc2538dk///obj/uip-ds6-route.o
                0x0020eb5a                uip_ds6_route_lookup
 .text.uip_ds6_route_rm
                0x0020eb5e        0x2 build/cc2538dk///obj/uip-ds6-route.o
                0x0020eb5e                uip_ds6_route_rm
 .text.uiplib_ip6addrconv
                0x0020eb60       0xb4 build/cc2538dk///obj/uiplib.o
                0x0020eb60                uiplib_ip6addrconv
 .text.uip_sr_expire_parent
                0x0020ec14       0x28 build/cc2538dk///obj/uip-sr.o
                0x0020ec14                uip_sr_expire_parent
 .text.neighbor_state_changed
                0x0020ec3c        0x2 build/cc2538dk///obj/rpl.o
 .text.drop_route
                0x0020ec3e        0x2 build/cc2538dk///obj/rpl.o
 .text.rpl_lollipop_greater_than
                0x0020ec40       0x34 build/cc2538dk///obj/rpl.o
                0x0020ec40                rpl_lollipop_greater_than
 .text.rpl_process_hbh
                0x0020ec74       0x1c build/cc2538dk///obj/rpl-dag.o
                0x0020ec74                rpl_process_hbh
 .text.get32    0x0020ec90       0x18 build/cc2538dk///obj/rpl-icmp6.o
 .text.set32    0x0020eca8       0x12 build/cc2538dk///obj/rpl-icmp6.o
 .text.get16    0x0020ecba        0xc build/cc2538dk///obj/rpl-icmp6.o
 .text.set16    0x0020ecc6        0xa build/cc2538dk///obj/rpl-icmp6.o
 .text.rpl_icmp6_update_nbr_table
                0x0020ecd0       0x2e build/cc2538dk///obj/rpl-icmp6.o
                0x0020ecd0                rpl_icmp6_update_nbr_table
 .text.reset    0x0020ecfe        0x2 build/cc2538dk///obj/rpl-mrhof.o
 .text.nbr_link_metric
                0x0020ed00       0x12 build/cc2538dk///obj/rpl-mrhof.o
 .text.nbr_path_cost
                0x0020ed12       0x28 build/cc2538dk///obj/rpl-mrhof.o
 .text.nbr_has_usable_link
                0x0020ed3a       0x12 build/cc2538dk///obj/rpl-mrhof.o
 .text.nbr_is_acceptable_parent
                0x0020ed4c       0x1e build/cc2538dk///obj/rpl-mrhof.o
 .text.rpl_neighbor_get_ipaddr
                0x0020ed6a        0xe build/cc2538dk///obj/rpl-neighbor.o
                0x0020ed6a                rpl_neighbor_get_ipaddr
 .text.rpl_neighbor_get_link_stats
                0x0020ed78        0xe build/cc2538dk///obj/rpl-neighbor.o
                0x0020ed78                rpl_neighbor_get_link_stats
 .text.rpl_neighbor_is_fresh
                0x0020ed86        0xe build/cc2538dk///obj/rpl-neighbor.o
                0x0020ed86                rpl_neighbor_is_fresh
 .text.handle_state_update
                0x0020ed94        0x4 build/cc2538dk///obj/rpl-timers.o
 .text.get_probing_delay
                0x0020ed98       0x1a build/cc2538dk///obj/rpl-timers.o
                0x0020ed98                get_probing_delay
 .text.handle_probing_timer
                0x0020edb2       0x24 build/cc2538dk///obj/rpl-timers.o
 .text.publish_led_off
                0x0020edd6        0x6 mqtt-client.o
 .text.ping_parent
                0x0020eddc       0x1e mqtt-client.o
 *(SORT_BY_ALIGNMENT(.rodata*))
 *fill*         0x0020edfa        0x2 00000000
 .rodata.als_sensor
                0x0020edfc       0x10 build/cc2538dk///obj/als-sensor.o
                0x0020edfc                als_sensor
 .rodata.uart_regs
                0x0020ee0c       0x58 build/cc2538dk///obj/uart.o
 .rodata.cc2538_rf_driver
                0x0020ee64       0x38 build/cc2538dk///obj/cc2538-rf.o
                0x0020ee64                cc2538_rf_driver
 .rodata.output_power
                0x0020ee9c       0x70 build/cc2538dk///obj/cc2538-rf.o
 .rodata.cc2538_temp_sensor
                0x0020ef0c       0x10 build/cc2538dk///obj/cc2538-temp-sensor.o
                0x0020ef0c                cc2538_temp_sensor
 .rodata.vdd3_sensor
                0x0020ef1c       0x10 build/cc2538dk///obj/vdd3-sensor.o
                0x0020ef1c                vdd3_sensor
 .rodata.als_extend
                0x0020ef2c        0x8 build/cc2538dk///obj/als-extend.o
                0x0020ef2c                als_extend
 .rodata.builtin_sensors_cc2538_temp
                0x0020ef34        0x8 build/cc2538dk///obj/builtin-sensors.o
                0x0020ef34                builtin_sensors_cc2538_temp
 .rodata.builtin_sensors_vdd3
                0x0020ef3c        0x8 build/cc2538dk///obj/builtin-sensors.o
                0x0020ef3c                builtin_sensors_vdd3
 .rodata.framer_802154
                0x0020ef44        0xc build/cc2538dk///obj/framer-802154.o
                0x0020ef44                framer_802154
 .rodata.csma_driver
                0x0020ef50       0x1c build/cc2538dk///obj/csma.o
                0x0020ef50                csma_driver
 .rodata.sicslowpan_driver
                0x0020ef6c       0x10 build/cc2538dk///obj/sicslowpan.o
                0x0020ef6c                sicslowpan_driver
 .rodata.rpl_lite_driver
                0x0020ef7c       0x50 build/cc2538dk///obj/rpl.o
                0x0020ef7c                rpl_lite_driver
 .rodata.autostart_processes
                0x0020efcc        0x8 mqtt-client.o
                0x0020efcc                autostart_processes
 .rodata._setlocale_r.str1.4
                0x0020efd4        0xd /usr/bin/../lib/gcc/arm-none-eabi/7.3.1/../../../../arm-none-eabi/lib/thumb/v7-m/libc.a(lib_a-locale.o)
 *fill*         0x0020efe1        0x3 00000000
 .rodata.str1.4
                0x0020efe4        0x4 /usr/bin/../lib/gcc/arm-none-eabi/7.3.1/../../../../arm-none-eabi/lib/thumb/v7-m/libc.a(lib_a-locale.o)
                                  0x2 (size before relaxing)
 .rodata._ctype_
                0x0020efe8      0x101 /usr/bin/../lib/gcc/arm-none-eabi/7.3.1/../../../../arm-none-eabi/lib/thumb/v7-m/libc.a(lib_a-ctype_.o)
                0x0020efe8                _ctype_
 *fill*         0x0020f0e9        0x1 00000000
 .rodata.linkaddr_null
                0x0020f0ea        0x8 build/cc2538dk///obj/linkaddr.o
                0x0020f0ea                linkaddr_null
 .rodata.leds_arch_leds
                0x0020f0f2        0x8 build/cc2538dk///obj/leds-arch.o
                0x0020f0f2                leds_arch_leds
 .rodata.platform_init_stage_three.str1.1
                0x0020f0fa       0x35 build/cc2538dk///obj/platform.o
                                 0x39 (size before relaxing)
 .rodata.str1.1
                0x0020f12f        0x8 build/cc2538dk///obj/sensors.o
 .rodata.str1.1
                0x0020f137       0x2e build/cc2538dk///obj/board-buttons.o
 .rodata.str1.1
                0x0020f165        0x4 build/cc2538dk///obj/als-sensor.o
 .rodata.str1.1
                0x0020f169       0x11 build/cc2538dk///obj/cc2538-rf.o
 .rodata.str1.1
                0x0020f17a       0x14 build/cc2538dk///obj/cc2538-temp-sensor.o
 .rodata.str1.1
                0x0020f18e        0x5 build/cc2538dk///obj/vdd3-sensor.o
 .rodata.als_reading.str1.1
                0x0020f193        0xf build/cc2538dk///obj/als-extend.o
 .rodata.mqtt_client_extension_count
                0x0020f1a2        0x1 build/cc2538dk///obj/mqtt-client-extensions.o
                0x0020f1a2                mqtt_client_extension_count
 .rodata.temp_reading.str1.1
                0x0020f1a3       0x17 build/cc2538dk///obj/builtin-sensors.o
 .rodata.vdd3_reading.str1.1
                0x0020f1ba        0xf build/cc2538dk///obj/builtin-sensors.o
 .rodata.process_thread_mqtt_process.str1.1
                0x0020f1c9        0x7 build/cc2538dk///obj/mqtt.o
 .rodata.str1.1
                0x0020f1d0        0xd build/cc2538dk///obj/mqtt.o
 .rodata.main.str1.1
                0x0020f1dd       0xdf build/cc2538dk///obj/contiki-main.o
                                 0xf5 (size before relaxing)
 .rodata.str1.1
                0x0020f2bc        0xf build/cc2538dk///obj/ctimer.o
 .rodata.str1.1
                0x0020f2cb        0xc build/cc2538dk///obj/etimer.o
 .rodata.log_6addr.str1.1
                0x0020f2d7        0xc build/cc2538dk///obj/log.o
                                  0x3 (size before relaxing)
 .rodata.log_lladdr.str1.1
                0x0020f2d7       0x11 build/cc2538dk///obj/log.o
                                 0x16 (size before relaxing)
 .rodata.process_thread_stack_check_process.str1.1
                0x0020f2e8       0x23 build/cc2538dk///obj/stack-check.o
                                 0x32 (size before relaxing)
 .rodata.str1.1
                0x0020f30b        0xc build/cc2538dk///obj/stack-check.o
 .rodata.str1.1
                0x0020f317       0x13 build/cc2538dk///obj/button-hal.o
 .rodata.str1.1
                0x0020f32a        0xe build/cc2538dk///obj/serial-line.o
 .rodata.buffer.5329
                0x0020f338       0x10 build/cc2538dk///obj/strformat.o
 .rodata.buffer.5338
                0x0020f348       0x10 build/cc2538dk///obj/strformat.o
 .rodata.format_str_v.str1.1
                0x0020f358       0x35 build/cc2538dk///obj/strformat.o
                                 0x37 (size before relaxing)
 .rodata.str1.1
                0x0020f38d        0x5 build/cc2538dk///obj/csma.o
 .rodata        0x0020f392        0x2 build/cc2538dk///obj/sicslowpan.o
 .rodata.llprefix
                0x0020f394        0x2 build/cc2538dk///obj/sicslowpan.o
                0x0020f394                llprefix
 .rodata.str1.1
                0x0020f396        0xb build/cc2538dk///obj/sicslowpan.o
 .rodata.ttl_values
                0x0020f3a1        0x4 build/cc2538dk///obj/sicslowpan.o
 .rodata.unc_ctxconf
                0x0020f3a5        0x4 build/cc2538dk///obj/sicslowpan.o
                0x0020f3a5                unc_ctxconf
 .rodata.unc_llconf
                0x0020f3a9        0x4 build/cc2538dk///obj/sicslowpan.o
                0x0020f3a9                unc_llconf
 .rodata.unc_mxconf
                0x0020f3ad        0x4 build/cc2538dk///obj/sicslowpan.o
                0x0020f3ad                unc_mxconf
 .rodata.str1.1
                0x0020f3b1        0xd build/cc2538dk///obj/tcpip.o
 .rodata.str1.1
                0x0020f3be       0x13 build/cc2538dk///obj/tcp-socket.o
 .rodata.uiplib_ipaddr_snprint.str1.1
                0x0020f3d1       0x28 build/cc2538dk///obj/uiplib.o
                                 0x2a (size before relaxing)
 .rodata.str1.1
                0x0020f3f9        0x9 build/cc2538dk///obj/rpl.o
 .rodata.rpl_dag_init_root.str1.1
                0x0020f402        0xa build/cc2538dk///obj/rpl-dag.o
 .rodata.rpl_dag_update_state.str1.1
                0x0020f40c       0x31 build/cc2538dk///obj/rpl-dag.o
 .rodata.rpl_global_repair.str1.1
                0x0020f43d        0xe build/cc2538dk///obj/rpl-dag.o
 .rodata.rpl_local_repair.str1.1
                0x0020f44b        0xd build/cc2538dk///obj/rpl-dag.o
 .rodata.rpl_process_dao_ack.str1.1
                0x0020f458        0xa build/cc2538dk///obj/rpl-dag.o
 .rodata.rpl_process_dio.str1.1
                0x0020f462       0x3a build/cc2538dk///obj/rpl-dag.o
 .rodata.rpl_process_dis.str1.1
                0x0020f49c        0xe build/cc2538dk///obj/rpl-dag.o
 .rodata.handle_dao_timer.str1.1
                0x0020f4aa        0xc build/cc2538dk///obj/rpl-timers.o
 .rodata.mqtt_event.str1.1
                0x0020f4b6        0x5 mqtt-client.o
                                  0xa (size before relaxing)
 .rodata.process_thread_mqtt_client_process.str1.1
                0x0020f4bb      0x124 mqtt-client.o
                                0x12e (size before relaxing)
 .rodata.str1.1
                0x0020f5df        0xc mqtt-client.o
                0x0020f5eb                _etext = .

.glue_7         0x0020f5ec        0x0
 .glue_7        0x0020f5ec        0x0 linker stubs

.glue_7t        0x0020f5ec        0x0
 .glue_7t       0x0020f5ec        0x0 linker stubs

.vfp11_veneer   0x0020f5ec        0x0
 .vfp11_veneer  0x0020f5ec        0x0 linker stubs

.v4_bx          0x0020f5ec        0x0
 .v4_bx         0x0020f5ec        0x0 linker stubs

.iplt           0x0020f5ec        0x0
 .iplt          0x0020f5ec        0x0 build/cc2538dk///obj/startup-gcc.o

.socdata        0x20000000       0x40
 *(SORT_BY_ALIGNMENT(.udma_channel_control_table))
 .udma_channel_control_table
                0x20000000       0x40 build/cc2538dk///obj/udma.o

.data           0x20000040      0x928 load address 0x0020f5ec
                0x20000040                _data = .
 *(SORT_BY_ALIGNMENT(.data*))
 .data.impure_data
                0x20000040      0x428 /usr/bin/../lib/gcc/arm-none-eabi/7.3.1/../../../../arm-none-eabi/lib/thumb/v7-m/libc.a(lib_a-impure.o)
 .data.sensors_process
                0x20000468       0x10 build/cc2538dk///obj/sensors.o
                0x20000468                sensors_process
 .data.sensors  0x20000478       0x10 build/cc2538dk///obj/smartrf-sensors.o
                0x20000478                sensors
 .data.button_hal_buttons
                0x20000488       0x18 build/cc2538dk///obj/board-buttons.o
                0x20000488                button_hal_buttons
 .data.key_down
                0x200004a0       0x50 build/cc2538dk///obj/board-buttons.o
 .data.key_left
                0x200004f0       0x50 build/cc2538dk///obj/board-buttons.o
 .data.key_right
                0x20000540       0x50 build/cc2538dk///obj/board-buttons.o
 .data.key_select
                0x20000590       0x50 build/cc2538dk///obj/board-buttons.o
 .data.key_up   0x200005e0       0x50 build/cc2538dk///obj/board-buttons.o
 .data.cc2538_rf_process
                0x20000630       0x10 build/cc2538dk///obj/cc2538-rf.o
                0x20000630                cc2538_rf_process
 .data.mqtt_client_extensions
                0x20000640        0xc build/cc2538dk///obj/mqtt-client-extensions.o
                0x20000640                mqtt_client_extensions
 .data.mqtt_process
                0x2000064c       0x10 build/cc2538dk///obj/mqtt.o
                0x2000064c                mqtt_process
 .data.ctimer_process
                0x2000065c       0x10 build/cc2538dk///obj/ctimer.o
                0x2000065c                ctimer_process
 .data.etimer_process
                0x2000066c       0x10 build/cc2538dk///obj/etimer.o
                0x2000066c                etimer_process
 .data.curr_log_level_main
                0x2000067c        0x4 build/cc2538dk///obj/log.o
                0x2000067c                curr_log_level_main
 .data.stack_check_process
                0x20000680       0x10 build/cc2538dk///obj/stack-check.o
                0x20000680                stack_check_process
 .data.button_hal_process
                0x20000690       0x10 build/cc2538dk///obj/button-hal.o
                0x20000690                button_hal_process
 .data.serial_line_process
                0x200006a0       0x10 build/cc2538dk///obj/serial-line.o
                0x200006a0                serial_line_process
 .data.link_stats_struct
                0x200006b0       0x10 build/cc2538dk///obj/link-stats.o
 .data.neighbor_addr_mem
                0x200006c0        0xc build/cc2538dk///obj/nbr-table.o
 .data.bufmem   0x200006cc        0xc build/cc2538dk///obj/queuebuf.o
 .data.buframmem
                0x200006d8        0xc build/cc2538dk///obj/queuebuf.o
 .data.ctxt     0x200006e4        0x8 build/cc2538dk///obj/printf.o
 .data.metadata_memb
                0x200006ec        0xc build/cc2538dk///obj/csma-output.o
 .data.neighbor_memb
                0x200006f8        0xc build/cc2538dk///obj/csma-output.o
 .data.packet_memb
                0x20000704        0xc build/cc2538dk///obj/csma-output.o
 .data.tcpip_process
                0x20000710       0x10 build/cc2538dk///obj/tcpip.o
                0x20000710                tcpip_process
 .data.tcp_socket_process
                0x20000720       0x10 build/cc2538dk///obj/tcp-socket.o
                0x20000720                tcp_socket_process
 .data.ds6_neighbors_struct
                0x20000730       0x10 build/cc2538dk///obj/uip-ds6-nbr.o
 .data.defaultroutermemb
                0x20000740        0xc build/cc2538dk///obj/uip-ds6-route.o
 .data.echo_reply_handler
                0x2000074c        0xc build/cc2538dk///obj/uip-icmp6.o
 .data.echo_request_handler
                0x20000758        0xc build/cc2538dk///obj/uip-icmp6.o
 .data.ns_input_handler
                0x20000764        0xc build/cc2538dk///obj/uip-nd6.o
 .data.nodememb
                0x20000770        0xc build/cc2538dk///obj/uip-sr.o
 .data.dao_ack_handler
                0x2000077c        0xc build/cc2538dk///obj/rpl-icmp6.o
 .data.dao_handler
                0x20000788        0xc build/cc2538dk///obj/rpl-icmp6.o
 .data.dio_handler
                0x20000794        0xc build/cc2538dk///obj/rpl-icmp6.o
 .data.dis_handler
                0x200007a0        0xc build/cc2538dk///obj/rpl-icmp6.o
 .data.rpl_mrhof
                0x200007ac       0x24 build/cc2538dk///obj/rpl-mrhof.o
                0x200007ac                rpl_mrhof
 .data.rpl_neighbors
                0x200007d0        0x4 build/cc2538dk///obj/rpl-neighbor.o
                0x200007d0                rpl_neighbors
 .data.rpl_neighbors_struct
                0x200007d4       0x10 build/cc2538dk///obj/rpl-neighbor.o
 .data.mqtt_client_process
                0x200007e4       0x10 mqtt-client.o
                0x200007e4                mqtt_client_process
 .data.__global_locale
                0x200007f4      0x16c /usr/bin/../lib/gcc/arm-none-eabi/7.3.1/../../../../arm-none-eabi/lib/thumb/v7-m/libc.a(lib_a-locale.o)
                0x200007f4                __global_locale
 .data._impure_ptr
                0x20000960        0x4 /usr/bin/../lib/gcc/arm-none-eabi/7.3.1/../../../../arm-none-eabi/lib/thumb/v7-m/libc.a(lib_a-impure.o)